2025-11-26 20:55:14,843 - INFO - ================================================================================
2025-11-26 20:55:14,843 - INFO - BATCH STRUCTURAL GRAPH CONSTRUCTION
2025-11-26 20:55:14,843 - INFO - ================================================================================
2025-11-26 20:55:14,843 - INFO - Data directory: /Volumes/Extreme SSD/data_NIMHANS - Copy/outputs/01_preprocessed
2025-11-26 20:55:14,843 - INFO - Output directory: outputs
2025-11-26 20:55:14,843 - INFO - Atlas: Schaefer 200 ROIs
2025-11-26 20:55:14,843 - INFO - Threshold: 0.25
2025-11-26 20:55:14,843 - INFO - 
2025-11-26 20:55:14,845 - INFO - Found 1 subjects to process
2025-11-26 20:55:14,845 - INFO - 
2025-11-26 20:55:14,851 - INFO - Processing sub-YLOPD100...
2025-11-26 20:55:16,023 - INFO - Loading Schaefer 200 ROI atlas...
2025-11-26 20:55:16,869 - INFO - ✓ Atlas loaded: 201 regions
2025-11-26 20:55:16,869 - INFO - Processing: sub-YLOPD100_T1w_brain.nii.gz
2025-11-26 20:55:16,878 - INFO -   Resampling atlas to T1w space...
2025-11-26 20:55:17,087 - INFO -   Extracting ROI features...
2025-11-26 20:55:33,821 - INFO -   Normalizing features...
2025-11-26 20:55:33,822 - INFO -   Computing morphometric similarity matrix...
2025-11-26 20:55:33,823 - INFO -   Computing graph metrics...
2025-11-26 20:55:34,248 - INFO - ✓ Graph constructed: 15671 edges, density=0.7875
2025-11-26 20:55:34,260 - INFO - ✓ Saved: sub-YLOPD100_structural_graph.pkl
2025-11-26 20:55:34,260 - INFO - 
2025-11-26 20:55:34,260 - INFO - ================================================================================
2025-11-26 20:55:34,260 - INFO - PROCESSING COMPLETE
2025-11-26 20:55:34,260 - INFO - ================================================================================
2025-11-26 20:55:34,260 - INFO - Total subjects: 1
2025-11-26 20:55:34,260 - INFO - Successful: 1
2025-11-26 20:55:34,260 - INFO - Failed: 0
2025-11-26 20:55:34,260 - INFO - 
✓ Summary saved to: outputs/batch_processing_summary.json
2025-11-26 20:58:07,230 - INFO - ================================================================================
2025-11-26 20:58:07,230 - INFO - BATCH STRUCTURAL GRAPH CONSTRUCTION
2025-11-26 20:58:07,230 - INFO - ================================================================================
2025-11-26 20:58:07,230 - INFO - Data directory: /Volumes/Extreme SSD/data_NIMHANS - Copy/outputs/01_preprocessed
2025-11-26 20:58:07,230 - INFO - Output directory: outputs
2025-11-26 20:58:07,230 - INFO - Atlas: Schaefer 200 ROIs
2025-11-26 20:58:07,230 - INFO - Threshold: 0.25
2025-11-26 20:58:07,230 - INFO - 
2025-11-26 20:58:07,232 - INFO - Found 1 subjects to process
2025-11-26 20:58:07,232 - INFO - 
2025-11-26 20:58:07,237 - INFO - Processing sub-YLOPD100...
2025-11-26 20:58:07,240 - INFO - Loading Schaefer 200 ROI atlas...
2025-11-26 20:58:07,368 - INFO - ✓ Atlas loaded: 201 regions
2025-11-26 20:58:07,369 - INFO - Processing: sub-YLOPD100_T1w_brain.nii.gz
2025-11-26 20:58:07,371 - INFO -   Resampling atlas to T1w space...
2025-11-26 20:58:07,570 - INFO -   Extracting ROI features...
2025-11-26 20:58:23,792 - INFO -   Normalizing features...
2025-11-26 20:58:23,793 - INFO -   Computing morphometric similarity matrix...
2025-11-26 20:58:23,793 - INFO -   Computing graph metrics...
2025-11-26 20:58:24,220 - INFO - ✓ Graph constructed: 15671 edges, density=0.7875
2025-11-26 20:58:24,235 - INFO - ✓ Saved: sub-YLOPD100_structural_graph.pkl
2025-11-26 20:58:24,236 - INFO - 
2025-11-26 20:58:24,236 - INFO - ================================================================================
2025-11-26 20:58:24,236 - INFO - PROCESSING COMPLETE
2025-11-26 20:58:24,236 - INFO - ================================================================================
2025-11-26 20:58:24,236 - INFO - Total subjects: 1
2025-11-26 20:58:24,236 - INFO - Successful: 1
2025-11-26 20:58:24,236 - INFO - Failed: 0
2025-11-26 20:58:24,236 - INFO - 
✓ Summary saved to: outputs/batch_processing_summary.json
2025-11-26 21:03:32,520 - INFO - ================================================================================
2025-11-26 21:03:32,520 - INFO - BATCH STRUCTURAL GRAPH CONSTRUCTION
2025-11-26 21:03:32,520 - INFO - ================================================================================
2025-11-26 21:03:32,520 - INFO - Data directory: /Volumes/Extreme SSD/data_NIMHANS - Copy/outputs/01_preprocessed
2025-11-26 21:03:32,520 - INFO - Output directory: outputs
2025-11-26 21:03:32,520 - INFO - Atlas: Schaefer 200 ROIs
2025-11-26 21:03:32,520 - INFO - Threshold: 0.25
2025-11-26 21:03:32,520 - INFO - 
2025-11-26 21:03:32,521 - INFO - Found 1 subjects to process
2025-11-26 21:03:32,521 - INFO - 
2025-11-26 21:03:32,526 - INFO - Processing sub-YLOPD100...
2025-11-26 21:03:32,528 - INFO - Loading Schaefer 200 ROI atlas...
2025-11-26 21:03:32,659 - INFO - ✓ Atlas loaded: 201 regions
2025-11-26 21:03:32,659 - INFO - Processing: sub-YLOPD100_T1w_brain.nii.gz
2025-11-26 21:03:32,670 - INFO -   Resampling atlas to T1w space...
2025-11-26 21:03:32,853 - INFO -   Extracting ROI features...
2025-11-26 21:03:47,336 - INFO -   Normalizing features...
2025-11-26 21:03:47,336 - INFO -   Computing morphometric similarity matrix...
2025-11-26 21:03:47,337 - INFO -   Computing graph metrics...
2025-11-26 21:03:47,758 - INFO - ✓ Graph constructed: 15671 edges, density=0.7875
2025-11-26 21:03:47,768 - INFO - ✓ Saved: sub-YLOPD100_structural_graph.pkl
2025-11-26 21:03:47,768 - INFO - 
2025-11-26 21:03:47,768 - INFO - ================================================================================
2025-11-26 21:03:47,768 - INFO - PROCESSING COMPLETE
2025-11-26 21:03:47,768 - INFO - ================================================================================
2025-11-26 21:03:47,768 - INFO - Total subjects: 1
2025-11-26 21:03:47,768 - INFO - Successful: 1
2025-11-26 21:03:47,768 - INFO - Failed: 0
2025-11-26 21:03:47,769 - INFO - 
✓ Summary saved to: outputs/batch_processing_summary.json
2025-11-26 21:04:24,165 - INFO - ================================================================================
2025-11-26 21:04:24,165 - INFO - BATCH STRUCTURAL GRAPH CONSTRUCTION
2025-11-26 21:04:24,165 - INFO - ================================================================================
2025-11-26 21:04:24,165 - INFO - Data directory: /Volumes/Extreme SSD/data_NIMHANS - Copy/outputs/01_preprocessed
2025-11-26 21:04:24,165 - INFO - Output directory: outputs
2025-11-26 21:04:24,165 - INFO - Atlas: Schaefer 200 ROIs
2025-11-26 21:04:24,165 - INFO - Threshold: 0.25
2025-11-26 21:04:24,165 - INFO - 
2025-11-26 21:04:24,176 - INFO - Found 75 subjects to process
2025-11-26 21:04:24,176 - INFO - 
2025-11-26 21:04:25,443 - INFO - Processing sub-YLOPD100...
2025-11-26 21:04:25,443 - INFO - Processing sub-YLOPD105...
2025-11-26 21:04:25,444 - INFO - Processing sub-YLOPD106...
2025-11-26 21:04:25,444 - INFO - Processing sub-YLOPD107...
2025-11-26 21:04:25,449 - INFO - Loading Schaefer 200 ROI atlas...
2025-11-26 21:04:25,449 - INFO - Loading Schaefer 200 ROI atlas...
2025-11-26 21:04:25,449 - INFO - Loading Schaefer 200 ROI atlas...
2025-11-26 21:04:25,449 - INFO - Loading Schaefer 200 ROI atlas...
2025-11-26 21:04:25,784 - INFO - ✓ Atlas loaded: 201 regions
2025-11-26 21:04:25,784 - INFO - Processing: sub-YLOPD100_T1w_brain.nii.gz
2025-11-26 21:04:25,784 - INFO - ✓ Atlas loaded: 201 regions
2025-11-26 21:04:25,784 - INFO - Processing: sub-YLOPD106_T1w_brain.nii.gz
2025-11-26 21:04:25,784 - INFO - ✓ Atlas loaded: 201 regions
2025-11-26 21:04:25,785 - INFO - Processing: sub-YLOPD105_T1w_brain.nii.gz
2025-11-26 21:04:25,786 - INFO - ✓ Atlas loaded: 201 regions
2025-11-26 21:04:25,786 - INFO - Processing: sub-YLOPD107_T1w_brain.nii.gz
2025-11-26 21:04:25,786 - INFO -   Resampling atlas to T1w space...
2025-11-26 21:04:25,793 - INFO -   Resampling atlas to T1w space...
2025-11-26 21:04:25,793 - INFO -   Resampling atlas to T1w space...
2025-11-26 21:04:25,794 - INFO -   Resampling atlas to T1w space...
2025-11-26 21:04:26,147 - INFO -   Extracting ROI features...
2025-11-26 21:04:26,183 - INFO -   Extracting ROI features...
2025-11-26 21:04:26,185 - INFO -   Extracting ROI features...
2025-11-26 21:04:26,191 - INFO -   Extracting ROI features...
2025-11-26 21:04:58,885 - INFO - Processing sub-YLOPD109...
2025-11-26 21:04:58,892 - INFO - Processing sub-YLOPD110...
2025-11-26 21:04:58,893 - INFO - Loading Schaefer 200 ROI atlas...
2025-11-26 21:04:58,893 - INFO - Processing sub-YLOPD111...
2025-11-26 21:04:58,893 - INFO - Processing sub-YLOPD112...
2025-11-26 21:04:58,893 - INFO - Loading Schaefer 200 ROI atlas...
2025-11-26 21:04:58,895 - INFO - Loading Schaefer 200 ROI atlas...
2025-11-26 21:04:58,896 - INFO - Loading Schaefer 200 ROI atlas...
2025-11-26 21:04:58,982 - INFO - ✓ Atlas loaded: 201 regions
2025-11-26 21:04:58,982 - INFO - ✓ Atlas loaded: 201 regions
2025-11-26 21:04:58,983 - INFO - Processing: sub-YLOPD109_T1w_brain.nii.gz
2025-11-26 21:04:58,983 - INFO - Processing: sub-YLOPD110_T1w_brain.nii.gz
2025-11-26 21:04:58,985 - INFO - ✓ Atlas loaded: 201 regions
2025-11-26 21:04:58,985 - INFO - Processing: sub-YLOPD112_T1w_brain.nii.gz
2025-11-26 21:04:58,985 - INFO - ✓ Atlas loaded: 201 regions
2025-11-26 21:04:58,985 - INFO - Processing: sub-YLOPD111_T1w_brain.nii.gz
2025-11-26 21:04:58,992 - INFO -   Resampling atlas to T1w space...
2025-11-26 21:04:58,993 - INFO -   Resampling atlas to T1w space...
2025-11-26 21:04:58,993 - INFO -   Resampling atlas to T1w space...
2025-11-26 21:04:58,993 - INFO -   Resampling atlas to T1w space...
2025-11-26 21:04:59,271 - INFO -   Extracting ROI features...
2025-11-26 21:04:59,272 - INFO -   Extracting ROI features...
2025-11-26 21:04:59,277 - INFO -   Extracting ROI features...
2025-11-26 21:04:59,279 - INFO -   Extracting ROI features...
2025-11-26 21:06:09,131 - INFO -   Normalizing features...
2025-11-26 21:06:09,133 - INFO -   Computing morphometric similarity matrix...
2025-11-26 21:06:09,134 - INFO -   Computing graph metrics...
2025-11-26 21:06:09,351 - INFO -   Normalizing features...
2025-11-26 21:06:09,352 - INFO -   Computing morphometric similarity matrix...
2025-11-26 21:06:09,353 - INFO -   Computing graph metrics...
2025-11-26 21:06:09,738 - INFO - ✓ Graph constructed: 15814 edges, density=0.7947
2025-11-26 21:06:09,752 - INFO -   Normalizing features...
2025-11-26 21:06:09,752 - INFO - ✓ Saved: sub-YLOPD112_structural_graph.pkl
2025-11-26 21:06:09,752 - INFO - Processing sub-YLOPD113...
2025-11-26 21:06:09,753 - INFO -   Computing morphometric similarity matrix...
2025-11-26 21:06:09,753 - INFO -   Computing graph metrics...
2025-11-26 21:06:09,760 - INFO - Loading Schaefer 200 ROI atlas...
2025-11-26 21:06:09,832 - INFO - ✓ Atlas loaded: 201 regions
2025-11-26 21:06:09,832 - INFO - Processing: sub-YLOPD113_T1w_brain.nii.gz
2025-11-26 21:06:09,840 - INFO -   Resampling atlas to T1w space...
2025-11-26 21:06:09,940 - INFO - ✓ Graph constructed: 15559 edges, density=0.7819
2025-11-26 21:06:09,954 - INFO - ✓ Saved: sub-YLOPD109_structural_graph.pkl
2025-11-26 21:06:09,955 - INFO - Processing sub-YLOPD114...
2025-11-26 21:06:09,957 - INFO - Loading Schaefer 200 ROI atlas...
2025-11-26 21:06:10,040 - INFO - ✓ Atlas loaded: 201 regions
2025-11-26 21:06:10,040 - INFO - Processing: sub-YLOPD114_T1w_brain.nii.gz
2025-11-26 21:06:10,048 - INFO -   Resampling atlas to T1w space...
2025-11-26 21:06:10,105 - INFO -   Extracting ROI features...
2025-11-26 21:06:10,324 - INFO -   Extracting ROI features...
2025-11-26 21:06:10,344 - INFO - ✓ Graph constructed: 15580 edges, density=0.7829
2025-11-26 21:06:10,359 - INFO - ✓ Saved: sub-YLOPD111_structural_graph.pkl
2025-11-26 21:06:10,360 - INFO - Processing sub-YLOPD115...
2025-11-26 21:06:10,363 - INFO - Loading Schaefer 200 ROI atlas...
2025-11-26 21:06:10,453 - INFO - ✓ Atlas loaded: 201 regions
2025-11-26 21:06:10,453 - INFO - Processing: sub-YLOPD115_T1w_brain.nii.gz
2025-11-26 21:06:10,462 - INFO -   Resampling atlas to T1w space...
2025-11-26 21:06:10,754 - INFO -   Extracting ROI features...
2025-11-26 21:06:11,326 - INFO -   Normalizing features...
2025-11-26 21:06:11,327 - INFO -   Computing morphometric similarity matrix...
2025-11-26 21:06:11,327 - INFO -   Computing graph metrics...
2025-11-26 21:06:11,871 - INFO - ✓ Graph constructed: 16290 edges, density=0.8186
2025-11-26 21:06:11,885 - INFO - ✓ Saved: sub-YLOPD110_structural_graph.pkl
2025-11-26 21:06:11,885 - INFO - Processing sub-YLOPD121...
2025-11-26 21:06:11,889 - INFO - Loading Schaefer 200 ROI atlas...
2025-11-26 21:06:11,971 - INFO - ✓ Atlas loaded: 201 regions
2025-11-26 21:06:11,972 - INFO - Processing: sub-YLOPD121_T1w_brain.nii.gz
2025-11-26 21:06:11,979 - INFO -   Resampling atlas to T1w space...
2025-11-26 21:06:12,224 - INFO -   Extracting ROI features...
2025-11-26 21:07:17,789 - INFO -   Normalizing features...
2025-11-26 21:07:17,790 - INFO -   Computing morphometric similarity matrix...
2025-11-26 21:07:17,791 - INFO -   Computing graph metrics...
2025-11-26 21:07:18,378 - INFO - ✓ Graph constructed: 16220 edges, density=0.8151
2025-11-26 21:07:18,396 - INFO - ✓ Saved: sub-YLOPD114_structural_graph.pkl
2025-11-26 21:07:18,397 - INFO - Processing sub-YLOPD122...
2025-11-26 21:07:18,407 - INFO - Loading Schaefer 200 ROI atlas...
2025-11-26 21:07:18,531 - INFO - ✓ Atlas loaded: 201 regions
2025-11-26 21:07:18,532 - INFO - Processing: sub-YLOPD122_T1w_brain.nii.gz
2025-11-26 21:07:18,544 - INFO -   Resampling atlas to T1w space...
2025-11-26 21:07:18,948 - INFO -   Extracting ROI features...
2025-11-26 21:07:19,416 - INFO -   Normalizing features...
2025-11-26 21:07:19,417 - INFO -   Computing morphometric similarity matrix...
2025-11-26 21:07:19,417 - INFO -   Computing graph metrics...
2025-11-26 21:07:20,005 - INFO - ✓ Graph constructed: 14726 edges, density=0.7400
2025-11-26 21:07:20,009 - INFO -   Normalizing features...
2025-11-26 21:07:20,010 - INFO -   Computing morphometric similarity matrix...
2025-11-26 21:07:20,010 - INFO -   Computing graph metrics...
2025-11-26 21:07:20,017 - INFO - ✓ Saved: sub-YLOPD113_structural_graph.pkl
2025-11-26 21:07:20,017 - INFO - Processing sub-YLOPD129...
2025-11-26 21:07:20,020 - INFO - Loading Schaefer 200 ROI atlas...
2025-11-26 21:07:20,096 - INFO - ✓ Atlas loaded: 201 regions
2025-11-26 21:07:20,096 - INFO - Processing: sub-YLOPD129_T1w_brain.nii.gz
2025-11-26 21:07:20,104 - INFO -   Resampling atlas to T1w space...
2025-11-26 21:07:20,378 - INFO -   Extracting ROI features...
2025-11-26 21:07:20,612 - INFO - ✓ Graph constructed: 16545 edges, density=0.8314
2025-11-26 21:07:20,629 - INFO - ✓ Saved: sub-YLOPD115_structural_graph.pkl
2025-11-26 21:07:20,629 - INFO - Processing sub-YLOPD136...
2025-11-26 21:07:20,633 - INFO - Loading Schaefer 200 ROI atlas...
2025-11-26 21:07:20,721 - INFO - ✓ Atlas loaded: 201 regions
2025-11-26 21:07:20,721 - INFO - Processing: sub-YLOPD136_T1w_brain.nii.gz
2025-11-26 21:07:20,730 - INFO -   Resampling atlas to T1w space...
2025-11-26 21:07:21,033 - INFO -   Extracting ROI features...
2025-11-26 21:07:22,990 - INFO -   Normalizing features...
2025-11-26 21:07:22,991 - INFO -   Computing morphometric similarity matrix...
2025-11-26 21:07:22,991 - INFO -   Computing graph metrics...
2025-11-26 21:07:23,525 - INFO - ✓ Graph constructed: 15125 edges, density=0.7601
2025-11-26 21:07:23,538 - INFO - ✓ Saved: sub-YLOPD121_structural_graph.pkl
2025-11-26 21:07:23,538 - INFO - Processing sub-YLOPD137...
2025-11-26 21:07:23,541 - INFO - Loading Schaefer 200 ROI atlas...
2025-11-26 21:07:23,608 - INFO - ✓ Atlas loaded: 201 regions
2025-11-26 21:07:23,608 - INFO - Processing: sub-YLOPD137_T1w_brain.nii.gz
2025-11-26 21:07:23,615 - INFO -   Resampling atlas to T1w space...
2025-11-26 21:07:23,855 - INFO -   Extracting ROI features...
2025-11-26 21:08:25,538 - INFO -   Normalizing features...
2025-11-26 21:08:25,539 - INFO -   Computing morphometric similarity matrix...
2025-11-26 21:08:25,540 - INFO -   Computing graph metrics...
2025-11-26 21:08:26,231 - INFO - ✓ Graph constructed: 15363 edges, density=0.7720
2025-11-26 21:08:26,254 - INFO - ✓ Saved: sub-YLOPD122_structural_graph.pkl
2025-11-26 21:08:26,255 - INFO - Processing sub-YLOPD142...
2025-11-26 21:08:26,264 - INFO - Loading Schaefer 200 ROI atlas...
2025-11-26 21:08:26,406 - INFO - ✓ Atlas loaded: 201 regions
2025-11-26 21:08:26,407 - INFO - Processing: sub-YLOPD142_T1w_brain.nii.gz
2025-11-26 21:08:26,422 - INFO -   Resampling atlas to T1w space...
2025-11-26 21:08:26,918 - INFO -   Extracting ROI features...
2025-11-26 21:08:31,759 - INFO -   Normalizing features...
2025-11-26 21:08:31,760 - INFO -   Computing morphometric similarity matrix...
2025-11-26 21:08:31,761 - INFO -   Computing graph metrics...
2025-11-26 21:08:32,262 - INFO -   Normalizing features...
2025-11-26 21:08:32,263 - INFO -   Computing morphometric similarity matrix...
2025-11-26 21:08:32,263 - INFO -   Computing graph metrics...
2025-11-26 21:08:32,396 - INFO - ✓ Graph constructed: 16484 edges, density=0.8283
2025-11-26 21:08:32,413 - INFO - ✓ Saved: sub-YLOPD136_structural_graph.pkl
2025-11-26 21:08:32,414 - INFO - Processing sub-YLOPD147...
2025-11-26 21:08:32,421 - INFO - Loading Schaefer 200 ROI atlas...
2025-11-26 21:08:32,506 - INFO - ✓ Atlas loaded: 201 regions
2025-11-26 21:08:32,506 - INFO - Processing: sub-YLOPD147_T1w_brain.nii.gz
2025-11-26 21:08:32,515 - INFO -   Resampling atlas to T1w space...
2025-11-26 21:08:32,826 - INFO -   Extracting ROI features...
2025-11-26 21:08:32,942 - INFO - ✓ Graph constructed: 16059 edges, density=0.8070
2025-11-26 21:08:32,962 - INFO - ✓ Saved: sub-YLOPD129_structural_graph.pkl
2025-11-26 21:08:32,962 - INFO - Processing sub-YLOPD152...
2025-11-26 21:08:32,964 - INFO - Loading Schaefer 200 ROI atlas...
2025-11-26 21:08:33,074 - INFO - ✓ Atlas loaded: 201 regions
2025-11-26 21:08:33,074 - INFO - Processing: sub-YLOPD152_T1w_brain.nii.gz
2025-11-26 21:08:33,084 - INFO -   Resampling atlas to T1w space...
2025-11-26 21:08:33,386 - INFO -   Extracting ROI features...
2025-11-26 21:08:35,776 - INFO -   Normalizing features...
2025-11-26 21:08:35,777 - INFO -   Computing morphometric similarity matrix...
2025-11-26 21:08:35,777 - INFO -   Computing graph metrics...
2025-11-26 21:08:36,432 - INFO - ✓ Graph constructed: 15867 edges, density=0.7973
2025-11-26 21:08:36,446 - INFO - ✓ Saved: sub-YLOPD137_structural_graph.pkl
2025-11-26 21:08:36,446 - INFO - Processing sub-YLOPD155...
2025-11-26 21:08:36,450 - INFO - Loading Schaefer 200 ROI atlas...
2025-11-26 21:08:36,541 - INFO - ✓ Atlas loaded: 201 regions
2025-11-26 21:08:36,541 - INFO - Processing: sub-YLOPD155_T1w_brain.nii.gz
2025-11-26 21:08:36,550 - INFO -   Resampling atlas to T1w space...
2025-11-26 21:08:36,845 - INFO -   Extracting ROI features...
2025-11-26 21:09:33,242 - INFO -   Normalizing features...
2025-11-26 21:09:33,244 - INFO -   Computing morphometric similarity matrix...
2025-11-26 21:09:33,245 - INFO -   Computing graph metrics...
2025-11-26 21:09:33,911 - INFO - ✓ Graph constructed: 15500 edges, density=0.7789
2025-11-26 21:09:33,933 - INFO - ✓ Saved: sub-YLOPD142_structural_graph.pkl
2025-11-26 21:09:33,934 - INFO - Processing sub-YLOPD156...
2025-11-26 21:09:33,943 - INFO - Loading Schaefer 200 ROI atlas...
2025-11-26 21:09:34,093 - INFO - ✓ Atlas loaded: 201 regions
2025-11-26 21:09:34,093 - INFO - Processing: sub-YLOPD156_T1w_brain.nii.gz
2025-11-26 21:09:34,108 - INFO -   Resampling atlas to T1w space...
2025-11-26 21:09:34,584 - INFO -   Extracting ROI features...
2025-11-26 21:09:44,049 - INFO -   Normalizing features...
2025-11-26 21:09:44,051 - INFO -   Computing morphometric similarity matrix...
2025-11-26 21:09:44,052 - INFO -   Computing graph metrics...
2025-11-26 21:09:44,120 - INFO -   Normalizing features...
2025-11-26 21:09:44,121 - INFO -   Computing morphometric similarity matrix...
2025-11-26 21:09:44,121 - INFO -   Computing graph metrics...
2025-11-26 21:09:44,704 - INFO - ✓ Graph constructed: 15555 edges, density=0.7817
2025-11-26 21:09:44,720 - INFO - ✓ Saved: sub-YLOPD147_structural_graph.pkl
2025-11-26 21:09:44,721 - INFO - Processing sub-YLOPD157...
2025-11-26 21:09:44,725 - INFO - Loading Schaefer 200 ROI atlas...
2025-11-26 21:09:44,778 - INFO - ✓ Graph constructed: 14469 edges, density=0.7271
2025-11-26 21:09:44,796 - INFO - ✓ Saved: sub-YLOPD152_structural_graph.pkl
2025-11-26 21:09:44,797 - INFO - Processing sub-YLOPD160...
2025-11-26 21:09:44,800 - INFO - Loading Schaefer 200 ROI atlas...
2025-11-26 21:09:44,830 - INFO - ✓ Atlas loaded: 201 regions
2025-11-26 21:09:44,831 - INFO - Processing: sub-YLOPD157_T1w_brain.nii.gz
2025-11-26 21:09:44,841 - INFO -   Resampling atlas to T1w space...
2025-11-26 21:09:44,912 - INFO - ✓ Atlas loaded: 201 regions
2025-11-26 21:09:44,913 - INFO - Processing: sub-YLOPD160_T1w_brain.nii.gz
2025-11-26 21:09:44,923 - INFO -   Resampling atlas to T1w space...
2025-11-26 21:09:45,225 - INFO -   Extracting ROI features...
2025-11-26 21:09:45,293 - INFO -   Extracting ROI features...
2025-11-26 21:09:47,843 - INFO -   Normalizing features...
2025-11-26 21:09:47,844 - INFO -   Computing morphometric similarity matrix...
2025-11-26 21:09:47,845 - INFO -   Computing graph metrics...
2025-11-26 21:09:48,476 - INFO - ✓ Graph constructed: 15128 edges, density=0.7602
2025-11-26 21:09:48,493 - INFO - ✓ Saved: sub-YLOPD155_structural_graph.pkl
2025-11-26 21:09:48,493 - INFO - Processing sub-YLOPD167...
2025-11-26 21:09:48,496 - INFO - Loading Schaefer 200 ROI atlas...
2025-11-26 21:09:48,587 - INFO - ✓ Atlas loaded: 201 regions
2025-11-26 21:09:48,587 - INFO - Processing: sub-YLOPD167_T1w_brain.nii.gz
2025-11-26 21:09:48,597 - INFO -   Resampling atlas to T1w space...
2025-11-26 21:09:48,918 - INFO -   Extracting ROI features...
2025-11-26 21:10:43,538 - INFO -   Normalizing features...
2025-11-26 21:10:43,543 - INFO -   Computing morphometric similarity matrix...
2025-11-26 21:10:43,544 - INFO -   Computing graph metrics...
2025-11-26 21:10:44,273 - INFO - ✓ Graph constructed: 15566 edges, density=0.7822
2025-11-26 21:10:44,295 - INFO - ✓ Saved: sub-YLOPD156_structural_graph.pkl
2025-11-26 21:10:44,295 - INFO - Processing sub-YLOPD174...
2025-11-26 21:10:44,305 - INFO - Loading Schaefer 200 ROI atlas...
2025-11-26 21:10:44,478 - INFO - ✓ Atlas loaded: 201 regions
2025-11-26 21:10:44,478 - INFO - Processing: sub-YLOPD174_T1w_brain.nii.gz
2025-11-26 21:10:44,493 - INFO -   Resampling atlas to T1w space...
2025-11-26 21:10:44,962 - INFO -   Extracting ROI features...
2025-11-26 21:11:05,776 - INFO -   Normalizing features...
2025-11-26 21:11:05,779 - INFO -   Computing morphometric similarity matrix...
2025-11-26 21:11:05,780 - INFO -   Computing graph metrics...
2025-11-26 21:11:06,474 - INFO -   Normalizing features...
2025-11-26 21:11:06,476 - INFO -   Computing morphometric similarity matrix...
2025-11-26 21:11:06,477 - INFO -   Computing graph metrics...
2025-11-26 21:11:06,517 - INFO - ✓ Graph constructed: 14868 edges, density=0.7471
2025-11-26 21:11:06,534 - INFO - ✓ Saved: sub-YLOPD157_structural_graph.pkl
2025-11-26 21:11:06,534 - INFO - Processing sub-YLOPD177...
2025-11-26 21:11:06,543 - INFO - Loading Schaefer 200 ROI atlas...
2025-11-26 21:11:06,656 - INFO - ✓ Atlas loaded: 201 regions
2025-11-26 21:11:06,656 - INFO - Processing: sub-YLOPD177_T1w_brain.nii.gz
2025-11-26 21:11:06,666 - INFO -   Resampling atlas to T1w space...
2025-11-26 21:11:07,018 - INFO -   Extracting ROI features...
2025-11-26 21:11:07,344 - INFO - ✓ Graph constructed: 15045 edges, density=0.7560
2025-11-26 21:11:07,364 - INFO - ✓ Saved: sub-YLOPD160_structural_graph.pkl
2025-11-26 21:11:07,365 - INFO - Processing sub-YLOPD178...
2025-11-26 21:11:07,368 - INFO - Loading Schaefer 200 ROI atlas...
2025-11-26 21:11:07,522 - INFO - ✓ Atlas loaded: 201 regions
2025-11-26 21:11:07,522 - INFO - Processing: sub-YLOPD178_T1w_brain.nii.gz
2025-11-26 21:11:07,534 - INFO -   Resampling atlas to T1w space...
2025-11-26 21:11:07,985 - INFO -   Extracting ROI features...
2025-11-26 21:11:11,622 - INFO -   Normalizing features...
2025-11-26 21:11:11,625 - INFO -   Computing morphometric similarity matrix...
2025-11-26 21:11:11,626 - INFO -   Computing graph metrics...
2025-11-26 21:11:12,361 - INFO - ✓ Graph constructed: 14836 edges, density=0.7455
2025-11-26 21:11:12,376 - INFO - ✓ Saved: sub-YLOPD167_structural_graph.pkl
2025-11-26 21:11:12,376 - INFO - Processing sub-YLOPD182...
2025-11-26 21:11:12,379 - INFO - Loading Schaefer 200 ROI atlas...
2025-11-26 21:11:12,465 - INFO - ✓ Atlas loaded: 201 regions
2025-11-26 21:11:12,465 - INFO - Processing: sub-YLOPD182_T1w_brain.nii.gz
2025-11-26 21:11:12,472 - INFO -   Resampling atlas to T1w space...
2025-11-26 21:11:12,803 - INFO -   Extracting ROI features...
2025-11-26 21:11:53,738 - INFO -   Normalizing features...
2025-11-26 21:11:53,740 - INFO -   Computing morphometric similarity matrix...
2025-11-26 21:11:53,741 - INFO -   Computing graph metrics...
2025-11-26 21:11:54,396 - INFO - ✓ Graph constructed: 14153 edges, density=0.7112
2025-11-26 21:11:54,414 - INFO - ✓ Saved: sub-YLOPD174_structural_graph.pkl
2025-11-26 21:11:54,415 - INFO - Processing sub-YLOPD189...
2025-11-26 21:11:54,423 - INFO - Loading Schaefer 200 ROI atlas...
2025-11-26 21:11:54,564 - INFO - ✓ Atlas loaded: 201 regions
2025-11-26 21:11:54,565 - INFO - Processing: sub-YLOPD189_T1w_brain.nii.gz
2025-11-26 21:11:54,579 - INFO -   Resampling atlas to T1w space...
2025-11-26 21:11:55,033 - INFO -   Extracting ROI features...
2025-11-26 21:12:13,608 - INFO -   Normalizing features...
2025-11-26 21:12:13,610 - INFO -   Computing morphometric similarity matrix...
2025-11-26 21:12:13,611 - INFO -   Computing graph metrics...
2025-11-26 21:12:14,278 - INFO - ✓ Graph constructed: 14387 edges, density=0.7230
2025-11-26 21:12:14,299 - INFO - ✓ Saved: sub-YLOPD177_structural_graph.pkl
2025-11-26 21:12:14,299 - INFO - Processing sub-YLOPD192...
2025-11-26 21:12:14,308 - INFO - Loading Schaefer 200 ROI atlas...
2025-11-26 21:12:14,456 - INFO - ✓ Atlas loaded: 201 regions
2025-11-26 21:12:14,456 - INFO - Processing: sub-YLOPD192_T1w_brain.nii.gz
2025-11-26 21:12:14,472 - INFO -   Resampling atlas to T1w space...
2025-11-26 21:12:14,783 - INFO -   Extracting ROI features...
2025-11-26 21:12:15,850 - INFO -   Normalizing features...
2025-11-26 21:12:15,851 - INFO -   Computing morphometric similarity matrix...
2025-11-26 21:12:15,852 - INFO -   Computing graph metrics...
2025-11-26 21:12:16,498 - INFO - ✓ Graph constructed: 15204 edges, density=0.7640
2025-11-26 21:12:16,514 - INFO - ✓ Saved: sub-YLOPD178_structural_graph.pkl
2025-11-26 21:12:16,515 - INFO - Processing sub-YLOPD193...
2025-11-26 21:12:16,517 - INFO - Loading Schaefer 200 ROI atlas...
2025-11-26 21:12:16,625 - INFO - ✓ Atlas loaded: 201 regions
2025-11-26 21:12:16,625 - INFO - Processing: sub-YLOPD193_T1w_brain.nii.gz
2025-11-26 21:12:16,637 - INFO -   Resampling atlas to T1w space...
2025-11-26 21:12:17,036 - INFO -   Extracting ROI features...
2025-11-26 21:12:21,702 - INFO -   Normalizing features...
2025-11-26 21:12:21,703 - INFO -   Computing morphometric similarity matrix...
2025-11-26 21:12:21,704 - INFO -   Computing graph metrics...
2025-11-26 21:12:22,381 - INFO - ✓ Graph constructed: 14777 edges, density=0.7426
2025-11-26 21:12:22,402 - INFO - ✓ Saved: sub-YLOPD182_structural_graph.pkl
2025-11-26 21:12:22,403 - INFO - Processing sub-YLOPD65...
2025-11-26 21:12:22,406 - INFO - Loading Schaefer 200 ROI atlas...
2025-11-26 21:12:22,515 - INFO - ✓ Atlas loaded: 201 regions
2025-11-26 21:12:22,515 - INFO - Processing: sub-YLOPD65_T1w_brain.nii.gz
2025-11-26 21:12:22,524 - INFO -   Resampling atlas to T1w space...
2025-11-26 21:12:22,868 - INFO -   Extracting ROI features...
2025-11-26 21:12:57,981 - INFO -   Normalizing features...
2025-11-26 21:12:57,983 - INFO -   Computing morphometric similarity matrix...
2025-11-26 21:12:57,984 - INFO -   Computing graph metrics...
2025-11-26 21:12:58,665 - INFO - ✓ Graph constructed: 15418 edges, density=0.7748
2025-11-26 21:12:58,688 - INFO - ✓ Saved: sub-YLOPD189_structural_graph.pkl
2025-11-26 21:12:58,689 - INFO - Processing sub-YLOPD66...
2025-11-26 21:12:58,698 - INFO - Loading Schaefer 200 ROI atlas...
2025-11-26 21:12:58,836 - INFO - ✓ Atlas loaded: 201 regions
2025-11-26 21:12:58,836 - INFO - Processing: sub-YLOPD66_T1w_brain.nii.gz
2025-11-26 21:12:58,849 - INFO -   Resampling atlas to T1w space...
2025-11-26 21:12:59,345 - INFO -   Extracting ROI features...
2025-11-26 21:13:19,221 - INFO -   Normalizing features...
2025-11-26 21:13:19,223 - INFO -   Computing morphometric similarity matrix...
2025-11-26 21:13:19,224 - INFO -   Computing graph metrics...
2025-11-26 21:13:19,897 - INFO - ✓ Graph constructed: 14891 edges, density=0.7483
2025-11-26 21:13:19,917 - INFO - ✓ Saved: sub-YLOPD192_structural_graph.pkl
2025-11-26 21:13:19,917 - INFO - Processing sub-YLOPD72...
2025-11-26 21:13:19,925 - INFO - Loading Schaefer 200 ROI atlas...
2025-11-26 21:13:20,068 - INFO - ✓ Atlas loaded: 201 regions
2025-11-26 21:13:20,068 - INFO - Processing: sub-YLOPD72_T1w_brain.nii.gz
2025-11-26 21:13:20,082 - INFO -   Resampling atlas to T1w space...
2025-11-26 21:13:20,546 - INFO -   Normalizing features...
2025-11-26 21:13:20,547 - INFO -   Computing morphometric similarity matrix...
2025-11-26 21:13:20,548 - INFO -   Computing graph metrics...
2025-11-26 21:13:20,561 - INFO -   Extracting ROI features...
2025-11-26 21:13:21,247 - INFO - ✓ Graph constructed: 15317 edges, density=0.7697
2025-11-26 21:13:21,268 - INFO - ✓ Saved: sub-YLOPD193_structural_graph.pkl
2025-11-26 21:13:21,268 - INFO - Processing sub-YLOPD73...
2025-11-26 21:13:21,272 - INFO - Loading Schaefer 200 ROI atlas...
2025-11-26 21:13:21,377 - INFO - ✓ Atlas loaded: 201 regions
2025-11-26 21:13:21,377 - INFO - Processing: sub-YLOPD73_T1w_brain.nii.gz
2025-11-26 21:13:21,386 - INFO -   Resampling atlas to T1w space...
2025-11-26 21:13:21,738 - INFO -   Extracting ROI features...
2025-11-26 21:13:27,947 - INFO -   Normalizing features...
2025-11-26 21:13:27,948 - INFO -   Computing morphometric similarity matrix...
2025-11-26 21:13:27,948 - INFO -   Computing graph metrics...
2025-11-26 21:13:28,616 - INFO - ✓ Graph constructed: 15541 edges, density=0.7810
2025-11-26 21:13:28,635 - INFO - ✓ Saved: sub-YLOPD65_structural_graph.pkl
2025-11-26 21:13:28,635 - INFO - Processing sub-YLOPD74...
2025-11-26 21:13:28,638 - INFO - Loading Schaefer 200 ROI atlas...
2025-11-26 21:13:28,760 - INFO - ✓ Atlas loaded: 201 regions
2025-11-26 21:13:28,760 - INFO - Processing: sub-YLOPD74_T1w_brain.nii.gz
2025-11-26 21:13:28,768 - INFO -   Resampling atlas to T1w space...
2025-11-26 21:13:29,209 - INFO -   Extracting ROI features...
2025-11-26 21:17:34,341 - INFO -   Normalizing features...
2025-11-26 21:17:34,342 - INFO -   Computing morphometric similarity matrix...
2025-11-26 21:17:34,343 - INFO -   Computing graph metrics...
2025-11-26 21:17:34,914 - INFO - ✓ Graph constructed: 15985 edges, density=0.8033
2025-11-26 21:17:34,933 - INFO - ✓ Saved: sub-YLOPD66_structural_graph.pkl
2025-11-26 21:17:34,933 - INFO - Processing sub-YLOPD76...
2025-11-26 21:17:36,104 - INFO - Loading Schaefer 200 ROI atlas...
2025-11-26 21:17:36,232 - INFO - ✓ Atlas loaded: 201 regions
2025-11-26 21:17:36,232 - INFO - Processing: sub-YLOPD76_T1w_brain.nii.gz
2025-11-26 21:17:36,245 - INFO -   Resampling atlas to T1w space...
2025-11-26 21:17:36,633 - INFO -   Extracting ROI features...
2025-11-26 21:17:56,025 - INFO -   Normalizing features...
2025-11-26 21:17:56,027 - INFO -   Computing morphometric similarity matrix...
2025-11-26 21:17:56,028 - INFO -   Computing graph metrics...
2025-11-26 21:17:56,560 - INFO - ✓ Graph constructed: 15416 edges, density=0.7747
2025-11-26 21:17:56,577 - INFO - ✓ Saved: sub-YLOPD72_structural_graph.pkl
2025-11-26 21:17:56,578 - INFO - Processing sub-YLOPD77...
2025-11-26 21:17:56,585 - INFO - Loading Schaefer 200 ROI atlas...
2025-11-26 21:17:56,718 - INFO - ✓ Atlas loaded: 201 regions
2025-11-26 21:17:56,718 - INFO - Processing: sub-YLOPD77_T1w_brain.nii.gz
2025-11-26 21:17:56,732 - INFO -   Resampling atlas to T1w space...
2025-11-26 21:17:57,144 - INFO -   Extracting ROI features...
2025-11-26 21:17:59,816 - INFO -   Normalizing features...
2025-11-26 21:17:59,817 - INFO -   Computing morphometric similarity matrix...
2025-11-26 21:17:59,818 - INFO -   Computing graph metrics...
2025-11-26 21:18:00,337 - INFO - ✓ Graph constructed: 14487 edges, density=0.7280
2025-11-26 21:18:00,352 - INFO - ✓ Saved: sub-YLOPD73_structural_graph.pkl
2025-11-26 21:18:00,353 - INFO - Processing sub-YLOPD78...
2025-11-26 21:18:00,357 - INFO - Loading Schaefer 200 ROI atlas...
2025-11-26 21:18:00,463 - INFO - ✓ Atlas loaded: 201 regions
2025-11-26 21:18:00,463 - INFO - Processing: sub-YLOPD78_T1w_brain.nii.gz
2025-11-26 21:18:00,473 - INFO -   Resampling atlas to T1w space...
2025-11-26 21:18:00,787 - INFO -   Extracting ROI features...
2025-11-26 21:18:06,312 - INFO -   Normalizing features...
2025-11-26 21:18:06,313 - INFO -   Computing morphometric similarity matrix...
2025-11-26 21:18:06,314 - INFO -   Computing graph metrics...
2025-11-26 21:18:06,858 - INFO - ✓ Graph constructed: 15444 edges, density=0.7761
2025-11-26 21:18:06,873 - INFO - ✓ Saved: sub-YLOPD74_structural_graph.pkl
2025-11-26 21:18:06,873 - INFO - Processing sub-YLOPD80...
2025-11-26 21:18:06,876 - INFO - Loading Schaefer 200 ROI atlas...
2025-11-26 21:18:06,985 - INFO - ✓ Atlas loaded: 201 regions
2025-11-26 21:18:06,986 - INFO - Processing: sub-YLOPD80_T1w_brain.nii.gz
2025-11-26 21:18:06,997 - INFO -   Resampling atlas to T1w space...
2025-11-26 21:18:07,354 - INFO -   Extracting ROI features...
2025-11-26 21:18:38,872 - INFO -   Normalizing features...
2025-11-26 21:18:38,875 - INFO -   Computing morphometric similarity matrix...
2025-11-26 21:18:38,876 - INFO -   Computing graph metrics...
2025-11-26 21:18:39,510 - INFO - ✓ Graph constructed: 16696 edges, density=0.8390
2025-11-26 21:18:39,528 - INFO - ✓ Saved: sub-YLOPD76_structural_graph.pkl
2025-11-26 21:18:39,528 - INFO - Processing sub-YLOPD81...
2025-11-26 21:18:39,536 - INFO - Loading Schaefer 200 ROI atlas...
2025-11-26 21:18:39,659 - INFO - ✓ Atlas loaded: 201 regions
2025-11-26 21:18:39,659 - INFO - Processing: sub-YLOPD81_T1w_brain.nii.gz
2025-11-26 21:18:39,671 - INFO -   Resampling atlas to T1w space...
2025-11-26 21:18:40,068 - INFO -   Extracting ROI features...
2025-11-26 21:19:01,932 - INFO -   Normalizing features...
2025-11-26 21:19:01,935 - INFO -   Computing morphometric similarity matrix...
2025-11-26 21:19:01,936 - INFO -   Computing graph metrics...
2025-11-26 21:19:02,573 - INFO - ✓ Graph constructed: 16001 edges, density=0.8041
2025-11-26 21:19:02,591 - INFO - ✓ Saved: sub-YLOPD77_structural_graph.pkl
2025-11-26 21:19:02,592 - INFO - Processing sub-YLOPD82...
2025-11-26 21:19:02,600 - INFO - Loading Schaefer 200 ROI atlas...
2025-11-26 21:19:02,729 - INFO - ✓ Atlas loaded: 201 regions
2025-11-26 21:19:02,730 - INFO - Processing: sub-YLOPD82_T1w_brain.nii.gz
2025-11-26 21:19:02,743 - INFO -   Resampling atlas to T1w space...
2025-11-26 21:19:03,157 - INFO -   Extracting ROI features...
2025-11-26 21:19:06,074 - INFO -   Normalizing features...
2025-11-26 21:19:06,075 - INFO -   Computing morphometric similarity matrix...
2025-11-26 21:19:06,076 - INFO -   Computing graph metrics...
2025-11-26 21:19:06,662 - INFO - ✓ Graph constructed: 15448 edges, density=0.7763
2025-11-26 21:19:06,677 - INFO - ✓ Saved: sub-YLOPD78_structural_graph.pkl
2025-11-26 21:19:06,677 - INFO - Processing sub-YLOPD83...
2025-11-26 21:19:06,681 - INFO - Loading Schaefer 200 ROI atlas...
2025-11-26 21:19:06,787 - INFO - ✓ Atlas loaded: 201 regions
2025-11-26 21:19:06,787 - INFO - Processing: sub-YLOPD83_T1w_brain.nii.gz
2025-11-26 21:19:06,799 - INFO -   Resampling atlas to T1w space...
2025-11-26 21:19:07,144 - INFO -   Extracting ROI features...
2025-11-26 21:19:12,813 - INFO -   Normalizing features...
2025-11-26 21:19:12,815 - INFO -   Computing morphometric similarity matrix...
2025-11-26 21:19:12,815 - INFO -   Computing graph metrics...
2025-11-26 21:19:13,423 - INFO - ✓ Graph constructed: 15687 edges, density=0.7883
2025-11-26 21:19:13,438 - INFO - ✓ Saved: sub-YLOPD80_structural_graph.pkl
2025-11-26 21:19:13,438 - INFO - Processing sub-YLOPD85...
2025-11-26 21:19:13,441 - INFO - Loading Schaefer 200 ROI atlas...
2025-11-26 21:19:13,558 - INFO - ✓ Atlas loaded: 201 regions
2025-11-26 21:19:13,559 - INFO - Processing: sub-YLOPD85_T1w_brain.nii.gz
2025-11-26 21:19:13,570 - INFO -   Resampling atlas to T1w space...
2025-11-26 21:19:13,897 - INFO -   Extracting ROI features...
2025-11-26 21:19:44,544 - INFO -   Normalizing features...
2025-11-26 21:19:44,546 - INFO -   Computing morphometric similarity matrix...
2025-11-26 21:19:44,547 - INFO -   Computing graph metrics...
2025-11-26 21:19:45,210 - INFO - ✓ Graph constructed: 14913 edges, density=0.7494
2025-11-26 21:19:45,229 - INFO - ✓ Saved: sub-YLOPD81_structural_graph.pkl
2025-11-26 21:19:45,230 - INFO - Processing sub-YLOPD86...
2025-11-26 21:19:45,238 - INFO - Loading Schaefer 200 ROI atlas...
2025-11-26 21:19:45,383 - INFO - ✓ Atlas loaded: 201 regions
2025-11-26 21:19:45,383 - INFO - Processing: sub-YLOPD86_T1w_brain.nii.gz
2025-11-26 21:19:45,397 - INFO -   Resampling atlas to T1w space...
2025-11-26 21:19:45,898 - INFO -   Extracting ROI features...
2025-11-26 21:20:09,413 - INFO -   Normalizing features...
2025-11-26 21:20:09,415 - INFO -   Computing morphometric similarity matrix...
2025-11-26 21:20:09,416 - INFO -   Computing graph metrics...
2025-11-26 21:20:10,165 - INFO - ✓ Graph constructed: 15565 edges, density=0.7822
2025-11-26 21:20:10,189 - INFO - ✓ Saved: sub-YLOPD82_structural_graph.pkl
2025-11-26 21:20:10,190 - INFO - Processing sub-YLOPD89...
2025-11-26 21:20:10,198 - INFO - Loading Schaefer 200 ROI atlas...
2025-11-26 21:20:10,360 - INFO - ✓ Atlas loaded: 201 regions
2025-11-26 21:20:10,360 - INFO - Processing: sub-YLOPD89_T1w_brain.nii.gz
2025-11-26 21:20:10,374 - INFO -   Resampling atlas to T1w space...
2025-11-26 21:20:10,564 - INFO -   Normalizing features...
2025-11-26 21:20:10,565 - INFO -   Computing morphometric similarity matrix...
2025-11-26 21:20:10,566 - INFO -   Computing graph metrics...
2025-11-26 21:20:10,790 - INFO -   Extracting ROI features...
2025-11-26 21:20:11,324 - INFO - ✓ Graph constructed: 14383 edges, density=0.7228
2025-11-26 21:20:11,346 - INFO - ✓ Saved: sub-YLOPD83_structural_graph.pkl
2025-11-26 21:20:11,346 - INFO - Processing sub-YLOPD92...
2025-11-26 21:20:11,351 - INFO - Loading Schaefer 200 ROI atlas...
2025-11-26 21:20:11,472 - INFO - ✓ Atlas loaded: 201 regions
2025-11-26 21:20:11,472 - INFO - Processing: sub-YLOPD92_T1w_brain.nii.gz
2025-11-26 21:20:11,483 - INFO -   Resampling atlas to T1w space...
2025-11-26 21:20:11,879 - INFO -   Extracting ROI features...
2025-11-26 21:20:20,399 - INFO -   Normalizing features...
2025-11-26 21:20:20,401 - INFO -   Computing morphometric similarity matrix...
2025-11-26 21:20:20,401 - INFO -   Computing graph metrics...
2025-11-26 21:20:21,109 - INFO - ✓ Graph constructed: 14532 edges, density=0.7303
2025-11-26 21:20:21,132 - INFO - ✓ Saved: sub-YLOPD85_structural_graph.pkl
2025-11-26 21:20:21,133 - INFO - Processing sub-YLOPD93...
2025-11-26 21:20:21,137 - INFO - Loading Schaefer 200 ROI atlas...
2025-11-26 21:20:21,300 - INFO - ✓ Atlas loaded: 201 regions
2025-11-26 21:20:21,301 - INFO - Processing: sub-YLOPD93_T1w_brain.nii.gz
2025-11-26 21:20:21,316 - INFO -   Resampling atlas to T1w space...
2025-11-26 21:20:21,809 - INFO -   Extracting ROI features...
2025-11-26 21:20:51,885 - INFO -   Normalizing features...
2025-11-26 21:20:51,886 - INFO -   Computing morphometric similarity matrix...
2025-11-26 21:20:51,887 - INFO -   Computing graph metrics...
2025-11-26 21:20:52,667 - INFO - ✓ Graph constructed: 15245 edges, density=0.7661
2025-11-26 21:20:52,693 - INFO - ✓ Saved: sub-YLOPD86_structural_graph.pkl
2025-11-26 21:20:52,693 - INFO - Processing sub-YLOPD95...
2025-11-26 21:20:52,702 - INFO - Loading Schaefer 200 ROI atlas...
2025-11-26 21:20:52,871 - INFO - ✓ Atlas loaded: 201 regions
2025-11-26 21:20:52,872 - INFO - Processing: sub-YLOPD95_T1w_brain.nii.gz
2025-11-26 21:20:52,886 - INFO -   Resampling atlas to T1w space...
2025-11-26 21:20:53,415 - INFO -   Extracting ROI features...
2025-11-26 21:21:24,847 - INFO -   Normalizing features...
2025-11-26 21:21:24,849 - INFO -   Computing morphometric similarity matrix...
2025-11-26 21:21:24,850 - INFO -   Computing graph metrics...
2025-11-26 21:21:25,631 - INFO - ✓ Graph constructed: 15986 edges, density=0.8033
2025-11-26 21:21:25,657 - INFO - ✓ Saved: sub-YLOPD89_structural_graph.pkl
2025-11-26 21:21:25,658 - INFO - Processing sub-YLOPD97...
2025-11-26 21:21:25,668 - INFO - Loading Schaefer 200 ROI atlas...
2025-11-26 21:21:25,832 - INFO - ✓ Atlas loaded: 201 regions
2025-11-26 21:21:25,832 - INFO - Processing: sub-YLOPD97_T1w_brain.nii.gz
2025-11-26 21:21:25,849 - INFO -   Resampling atlas to T1w space...
2025-11-26 21:21:26,184 - INFO -   Normalizing features...
2025-11-26 21:21:26,185 - INFO -   Computing morphometric similarity matrix...
2025-11-26 21:21:26,185 - INFO -   Computing graph metrics...
2025-11-26 21:21:26,340 - INFO -   Extracting ROI features...
2025-11-26 21:21:26,968 - INFO - ✓ Graph constructed: 16345 edges, density=0.8214
2025-11-26 21:21:26,988 - INFO - ✓ Saved: sub-YLOPD92_structural_graph.pkl
2025-11-26 21:21:26,989 - INFO - Processing sub-YLOPDHC01...
2025-11-26 21:21:26,993 - INFO - Loading Schaefer 200 ROI atlas...
2025-11-26 21:21:27,110 - INFO - ✓ Atlas loaded: 201 regions
2025-11-26 21:21:27,110 - INFO - Processing: sub-YLOPDHC01_T1w_brain.nii.gz
2025-11-26 21:21:27,122 - INFO -   Resampling atlas to T1w space...
2025-11-26 21:21:27,504 - INFO -   Extracting ROI features...
2025-11-26 21:21:32,886 - INFO -   Normalizing features...
2025-11-26 21:21:32,887 - INFO -   Computing morphometric similarity matrix...
2025-11-26 21:21:32,887 - INFO -   Computing graph metrics...
2025-11-26 21:21:33,593 - INFO - ✓ Graph constructed: 15041 edges, density=0.7558
2025-11-26 21:21:33,609 - INFO - ✓ Saved: sub-YLOPD93_structural_graph.pkl
2025-11-26 21:21:33,610 - INFO - Processing sub-YLOPDHC02...
2025-11-26 21:21:33,617 - INFO - Loading Schaefer 200 ROI atlas...
2025-11-26 21:21:33,703 - INFO - ✓ Atlas loaded: 201 regions
2025-11-26 21:21:33,703 - INFO - Processing: sub-YLOPDHC02_T1w_brain.nii.gz
2025-11-26 21:21:33,712 - INFO -   Resampling atlas to T1w space...
2025-11-26 21:21:34,078 - INFO -   Extracting ROI features...
2025-11-26 21:21:58,257 - INFO -   Normalizing features...
2025-11-26 21:21:58,259 - INFO -   Computing morphometric similarity matrix...
2025-11-26 21:21:58,260 - INFO -   Computing graph metrics...
2025-11-26 21:21:59,043 - INFO - ✓ Graph constructed: 14423 edges, density=0.7248
2025-11-26 21:21:59,069 - INFO - ✓ Saved: sub-YLOPD95_structural_graph.pkl
2025-11-26 21:21:59,069 - INFO - Processing sub-YLOPDHC04...
2025-11-26 21:21:59,079 - INFO - Loading Schaefer 200 ROI atlas...
2025-11-26 21:21:59,248 - INFO - ✓ Atlas loaded: 201 regions
2025-11-26 21:21:59,249 - INFO - Processing: sub-YLOPDHC04_T1w_brain.nii.gz
2025-11-26 21:21:59,263 - INFO -   Resampling atlas to T1w space...
2025-11-26 21:21:59,764 - INFO -   Extracting ROI features...
2025-11-26 21:22:39,646 - INFO -   Normalizing features...
2025-11-26 21:22:39,648 - INFO -   Computing morphometric similarity matrix...
2025-11-26 21:22:39,649 - INFO -   Computing graph metrics...
2025-11-26 21:22:40,427 - INFO - ✓ Graph constructed: 15251 edges, density=0.7664
2025-11-26 21:22:40,456 - INFO - ✓ Saved: sub-YLOPD97_structural_graph.pkl
2025-11-26 21:22:40,457 - INFO - Processing sub-YLOPDHC05...
2025-11-26 21:22:40,466 - INFO - Loading Schaefer 200 ROI atlas...
2025-11-26 21:22:40,631 - INFO - ✓ Atlas loaded: 201 regions
2025-11-26 21:22:40,631 - INFO - Processing: sub-YLOPDHC05_T1w_brain.nii.gz
2025-11-26 21:22:40,647 - INFO -   Resampling atlas to T1w space...
2025-11-26 21:22:40,955 - INFO -   Extracting ROI features...
2025-11-26 21:22:41,115 - INFO -   Normalizing features...
2025-11-26 21:22:41,116 - INFO -   Computing morphometric similarity matrix...
2025-11-26 21:22:41,117 - INFO -   Computing graph metrics...
2025-11-26 21:22:41,849 - INFO - ✓ Graph constructed: 14401 edges, density=0.7237
2025-11-26 21:22:41,870 - INFO - ✓ Saved: sub-YLOPDHC01_structural_graph.pkl
2025-11-26 21:22:41,871 - INFO - Processing sub-YLOPDHC06...
2025-11-26 21:22:41,874 - INFO - Loading Schaefer 200 ROI atlas...
2025-11-26 21:22:41,981 - INFO - ✓ Atlas loaded: 201 regions
2025-11-26 21:22:41,982 - INFO - Processing: sub-YLOPDHC06_T1w_brain.nii.gz
2025-11-26 21:22:41,993 - INFO -   Resampling atlas to T1w space...
2025-11-26 21:22:42,352 - INFO -   Extracting ROI features...
2025-11-26 21:22:45,895 - INFO -   Normalizing features...
2025-11-26 21:22:45,896 - INFO -   Computing morphometric similarity matrix...
2025-11-26 21:22:45,897 - INFO -   Computing graph metrics...
2025-11-26 21:22:46,620 - INFO - ✓ Graph constructed: 14617 edges, density=0.7345
2025-11-26 21:22:46,637 - INFO - ✓ Saved: sub-YLOPDHC02_structural_graph.pkl
2025-11-26 21:22:46,637 - INFO - Processing sub-YLOPDHC07...
2025-11-26 21:22:46,641 - INFO - Loading Schaefer 200 ROI atlas...
2025-11-26 21:22:46,741 - INFO - ✓ Atlas loaded: 201 regions
2025-11-26 21:22:46,742 - INFO - Processing: sub-YLOPDHC07_T1w_brain.nii.gz
2025-11-26 21:22:46,750 - INFO -   Resampling atlas to T1w space...
2025-11-26 21:22:46,941 - INFO -   Extracting ROI features...
2025-11-26 21:23:07,934 - INFO -   Normalizing features...
2025-11-26 21:23:07,936 - INFO -   Computing morphometric similarity matrix...
2025-11-26 21:23:07,937 - INFO -   Computing graph metrics...
2025-11-26 21:23:08,719 - INFO - ✓ Graph constructed: 15360 edges, density=0.7719
2025-11-26 21:23:08,747 - INFO - ✓ Saved: sub-YLOPDHC04_structural_graph.pkl
2025-11-26 21:23:08,747 - INFO - Processing sub-YLOPDHC08...
2025-11-26 21:23:08,757 - INFO - Loading Schaefer 200 ROI atlas...
2025-11-26 21:23:08,920 - INFO - ✓ Atlas loaded: 201 regions
2025-11-26 21:23:08,920 - INFO - Processing: sub-YLOPDHC08_T1w_brain.nii.gz
2025-11-26 21:23:08,936 - INFO -   Resampling atlas to T1w space...
2025-11-26 21:23:09,459 - INFO -   Extracting ROI features...
2025-11-26 21:23:53,824 - INFO -   Normalizing features...
2025-11-26 21:23:53,827 - INFO -   Computing morphometric similarity matrix...
2025-11-26 21:23:53,827 - INFO -   Computing graph metrics...
2025-11-26 21:23:54,632 - INFO - ✓ Graph constructed: 15267 edges, density=0.7672
2025-11-26 21:23:54,661 - INFO - ✓ Saved: sub-YLOPDHC06_structural_graph.pkl
2025-11-26 21:23:54,662 - INFO - Processing sub-YLOPDHC12...
2025-11-26 21:23:54,671 - INFO - Loading Schaefer 200 ROI atlas...
2025-11-26 21:23:54,836 - INFO - ✓ Atlas loaded: 201 regions
2025-11-26 21:23:54,837 - INFO - Processing: sub-YLOPDHC12_T1w_brain.nii.gz
2025-11-26 21:23:54,853 - INFO -   Resampling atlas to T1w space...
2025-11-26 21:23:55,376 - INFO -   Extracting ROI features...
2025-11-26 21:23:55,611 - INFO -   Normalizing features...
2025-11-26 21:23:55,612 - INFO -   Computing morphometric similarity matrix...
2025-11-26 21:23:55,613 - INFO -   Computing graph metrics...
2025-11-26 21:23:56,373 - INFO - ✓ Graph constructed: 14941 edges, density=0.7508
2025-11-26 21:23:56,390 - INFO - ✓ Saved: sub-YLOPDHC05_structural_graph.pkl
2025-11-26 21:23:56,391 - INFO - Processing sub-YLOPDHC13...
2025-11-26 21:23:56,394 - INFO - Loading Schaefer 200 ROI atlas...
2025-11-26 21:23:56,500 - INFO - ✓ Atlas loaded: 201 regions
2025-11-26 21:23:56,500 - INFO - Processing: sub-YLOPDHC13_T1w_brain.nii.gz
2025-11-26 21:23:56,511 - INFO -   Resampling atlas to T1w space...
2025-11-26 21:23:56,882 - INFO -   Extracting ROI features...
2025-11-26 21:23:58,757 - INFO -   Normalizing features...
2025-11-26 21:23:58,758 - INFO -   Computing morphometric similarity matrix...
2025-11-26 21:23:58,758 - INFO -   Computing graph metrics...
2025-11-26 21:23:59,482 - INFO - ✓ Graph constructed: 15639 edges, density=0.7859
2025-11-26 21:23:59,500 - INFO - ✓ Saved: sub-YLOPDHC07_structural_graph.pkl
2025-11-26 21:23:59,500 - INFO - Processing sub-YLOPDHC14...
2025-11-26 21:23:59,503 - INFO - Loading Schaefer 200 ROI atlas...
2025-11-26 21:23:59,604 - INFO - ✓ Atlas loaded: 201 regions
2025-11-26 21:23:59,604 - INFO - Processing: sub-YLOPDHC14_T1w_brain.nii.gz
2025-11-26 21:23:59,612 - INFO -   Resampling atlas to T1w space...
2025-11-26 21:23:59,965 - INFO -   Extracting ROI features...
2025-11-26 21:24:19,876 - INFO -   Normalizing features...
2025-11-26 21:24:19,878 - INFO -   Computing morphometric similarity matrix...
2025-11-26 21:24:19,879 - INFO -   Computing graph metrics...
2025-11-26 21:24:20,844 - INFO - ✓ Graph constructed: 15230 edges, density=0.7653
2025-11-26 21:24:20,865 - INFO - ✓ Saved: sub-YLOPDHC08_structural_graph.pkl
2025-11-26 21:24:20,866 - INFO - Processing sub-YLOPDHC15...
2025-11-26 21:24:20,875 - INFO - Loading Schaefer 200 ROI atlas...
2025-11-26 21:24:21,042 - INFO - ✓ Atlas loaded: 201 regions
2025-11-26 21:24:21,042 - INFO - Processing: sub-YLOPDHC15_T1w_brain.nii.gz
2025-11-26 21:24:21,057 - INFO -   Resampling atlas to T1w space...
2025-11-26 21:24:21,715 - INFO -   Extracting ROI features...
2025-11-26 21:25:17,478 - INFO -   Normalizing features...
2025-11-26 21:25:17,480 - INFO -   Computing morphometric similarity matrix...
2025-11-26 21:25:17,481 - INFO -   Computing graph metrics...
2025-11-26 21:25:17,983 - INFO -   Normalizing features...
2025-11-26 21:25:17,984 - INFO -   Computing morphometric similarity matrix...
2025-11-26 21:25:17,985 - INFO -   Computing graph metrics...
2025-11-26 21:25:18,300 - INFO - ✓ Graph constructed: 14361 edges, density=0.7217
2025-11-26 21:25:18,317 - INFO - ✓ Saved: sub-YLOPDHC13_structural_graph.pkl
2025-11-26 21:25:18,317 - INFO - Processing sub-YLOPDHC16...
2025-11-26 21:25:18,325 - INFO - Loading Schaefer 200 ROI atlas...
2025-11-26 21:25:18,433 - INFO - ✓ Atlas loaded: 201 regions
2025-11-26 21:25:18,433 - INFO - Processing: sub-YLOPDHC16_T1w_brain.nii.gz
2025-11-26 21:25:18,445 - INFO -   Resampling atlas to T1w space...
2025-11-26 21:25:18,871 - INFO - ✓ Graph constructed: 14916 edges, density=0.7495
2025-11-26 21:25:18,883 - INFO -   Extracting ROI features...
2025-11-26 21:25:18,890 - INFO - ✓ Saved: sub-YLOPDHC14_structural_graph.pkl
2025-11-26 21:25:18,891 - INFO - Processing sub-YLOPDHC17...
2025-11-26 21:25:18,893 - INFO - Loading Schaefer 200 ROI atlas...
2025-11-26 21:25:18,931 - INFO -   Normalizing features...
2025-11-26 21:25:18,932 - INFO -   Computing morphometric similarity matrix...
2025-11-26 21:25:18,932 - INFO -   Computing graph metrics...
2025-11-26 21:25:19,008 - INFO - ✓ Atlas loaded: 201 regions
2025-11-26 21:25:19,008 - INFO - Processing: sub-YLOPDHC17_T1w_brain.nii.gz
2025-11-26 21:25:19,019 - INFO -   Resampling atlas to T1w space...
2025-11-26 21:25:19,406 - INFO -   Extracting ROI features...
2025-11-26 21:25:19,744 - INFO - ✓ Graph constructed: 14634 edges, density=0.7354
2025-11-26 21:25:19,762 - INFO - ✓ Saved: sub-YLOPDHC12_structural_graph.pkl
2025-11-26 21:25:19,763 - INFO - Processing sub-YLOPDHC18...
2025-11-26 21:25:19,766 - INFO - Loading Schaefer 200 ROI atlas...
2025-11-26 21:25:19,870 - INFO - ✓ Atlas loaded: 201 regions
2025-11-26 21:25:19,870 - INFO - Processing: sub-YLOPDHC18_T1w_brain.nii.gz
2025-11-26 21:25:19,880 - INFO -   Resampling atlas to T1w space...
2025-11-26 21:25:20,230 - INFO -   Extracting ROI features...
2025-11-26 21:25:31,111 - INFO -   Normalizing features...
2025-11-26 21:25:31,112 - INFO -   Computing morphometric similarity matrix...
2025-11-26 21:25:31,113 - INFO -   Computing graph metrics...
2025-11-26 21:25:31,929 - INFO - ✓ Graph constructed: 14874 edges, density=0.7474
2025-11-26 21:25:31,957 - INFO - ✓ Saved: sub-YLOPDHC15_structural_graph.pkl
2025-11-26 21:25:31,957 - INFO - Processing sub-YLOPDHC19...
2025-11-26 21:25:31,964 - INFO - Loading Schaefer 200 ROI atlas...
2025-11-26 21:25:32,128 - INFO - ✓ Atlas loaded: 201 regions
2025-11-26 21:25:32,129 - INFO - Processing: sub-YLOPDHC19_T1w_brain.nii.gz
2025-11-26 21:25:32,146 - INFO -   Resampling atlas to T1w space...
2025-11-26 21:25:32,752 - INFO -   Extracting ROI features...
2025-11-26 21:26:32,071 - INFO -   Normalizing features...
2025-11-26 21:26:32,072 - INFO -   Computing morphometric similarity matrix...
2025-11-26 21:26:32,073 - INFO -   Computing graph metrics...
2025-11-26 21:26:32,872 - INFO - ✓ Graph constructed: 14338 edges, density=0.7205
2025-11-26 21:26:32,905 - INFO - ✓ Saved: sub-YLOPDHC18_structural_graph.pkl
2025-11-26 21:26:32,906 - INFO - Processing sub-YLOPDHC21...
2025-11-26 21:26:32,915 - INFO - Loading Schaefer 200 ROI atlas...
2025-11-26 21:26:33,080 - INFO - ✓ Atlas loaded: 201 regions
2025-11-26 21:26:33,081 - INFO - Processing: sub-YLOPDHC21_T1w_brain.nii.gz
2025-11-26 21:26:33,096 - INFO -   Resampling atlas to T1w space...
2025-11-26 21:26:33,425 - INFO -   Normalizing features...
2025-11-26 21:26:33,426 - INFO -   Computing morphometric similarity matrix...
2025-11-26 21:26:33,427 - INFO -   Computing graph metrics...
2025-11-26 21:26:33,579 - INFO -   Extracting ROI features...
2025-11-26 21:26:34,234 - INFO - ✓ Graph constructed: 15910 edges, density=0.7995
2025-11-26 21:26:34,255 - INFO - ✓ Saved: sub-YLOPDHC17_structural_graph.pkl
2025-11-26 21:26:34,256 - INFO - Processing sub-YLOPDHC22...
2025-11-26 21:26:34,259 - INFO - Loading Schaefer 200 ROI atlas...
2025-11-26 21:26:34,386 - INFO - ✓ Atlas loaded: 201 regions
2025-11-26 21:26:34,387 - INFO - Processing: sub-YLOPDHC22_T1w_brain.nii.gz
2025-11-26 21:26:34,401 - INFO -   Resampling atlas to T1w space...
2025-11-26 21:26:34,830 - INFO -   Extracting ROI features...
2025-11-26 21:26:35,010 - INFO -   Normalizing features...
2025-11-26 21:26:35,011 - INFO -   Computing morphometric similarity matrix...
2025-11-26 21:26:35,011 - INFO -   Computing graph metrics...
2025-11-26 21:26:35,762 - INFO - ✓ Graph constructed: 16168 edges, density=0.8125
2025-11-26 21:26:35,777 - INFO - ✓ Saved: sub-YLOPDHC16_structural_graph.pkl
2025-11-26 21:26:35,778 - INFO - Processing sub-YLOPDHC23...
2025-11-26 21:26:35,781 - INFO - Loading Schaefer 200 ROI atlas...
2025-11-26 21:26:35,877 - INFO - ✓ Atlas loaded: 201 regions
2025-11-26 21:26:35,877 - INFO - Processing: sub-YLOPDHC23_T1w_brain.nii.gz
2025-11-26 21:26:35,887 - INFO -   Resampling atlas to T1w space...
2025-11-26 21:26:36,232 - INFO -   Extracting ROI features...
2025-11-26 21:26:43,522 - INFO -   Normalizing features...
2025-11-26 21:26:43,524 - INFO -   Computing morphometric similarity matrix...
2025-11-26 21:26:43,525 - INFO -   Computing graph metrics...
2025-11-26 21:26:44,295 - INFO - ✓ Graph constructed: 16300 edges, density=0.8191
2025-11-26 21:26:44,321 - INFO - ✓ Saved: sub-YLOPDHC19_structural_graph.pkl
2025-11-26 21:26:44,321 - INFO - Processing sub-YLOPDHC24...
2025-11-26 21:26:44,326 - INFO - Loading Schaefer 200 ROI atlas...
2025-11-26 21:26:44,488 - INFO - ✓ Atlas loaded: 201 regions
2025-11-26 21:26:44,488 - INFO - Processing: sub-YLOPDHC24_T1w_brain.nii.gz
2025-11-26 21:26:44,506 - INFO -   Resampling atlas to T1w space...
2025-11-26 21:26:45,033 - INFO -   Extracting ROI features...
2025-11-26 21:27:46,454 - INFO -   Normalizing features...
2025-11-26 21:27:46,457 - INFO -   Computing morphometric similarity matrix...
2025-11-26 21:27:46,458 - INFO -   Computing graph metrics...
2025-11-26 21:27:47,293 - INFO - ✓ Graph constructed: 15641 edges, density=0.7860
2025-11-26 21:27:47,323 - INFO - ✓ Saved: sub-YLOPDHC21_structural_graph.pkl
2025-11-26 21:27:47,323 - INFO - Processing sub-YLOPDHC25...
2025-11-26 21:27:47,334 - INFO - Loading Schaefer 200 ROI atlas...
2025-11-26 21:27:47,503 - INFO - ✓ Atlas loaded: 201 regions
2025-11-26 21:27:47,503 - INFO - Processing: sub-YLOPDHC25_T1w_brain.nii.gz
2025-11-26 21:27:47,518 - INFO -   Resampling atlas to T1w space...
2025-11-26 21:27:48,089 - INFO -   Extracting ROI features...
2025-11-26 21:27:48,385 - INFO -   Normalizing features...
2025-11-26 21:27:48,387 - INFO -   Computing morphometric similarity matrix...
2025-11-26 21:27:48,387 - INFO -   Computing graph metrics...
2025-11-26 21:27:49,159 - INFO - ✓ Graph constructed: 16773 edges, density=0.8429
2025-11-26 21:27:49,177 - INFO - ✓ Saved: sub-YLOPDHC22_structural_graph.pkl
2025-11-26 21:27:49,177 - INFO - Processing sub-YLOPDHC26...
2025-11-26 21:27:49,181 - INFO - Loading Schaefer 200 ROI atlas...
2025-11-26 21:27:49,284 - INFO - ✓ Atlas loaded: 201 regions
2025-11-26 21:27:49,285 - INFO - Processing: sub-YLOPDHC26_T1w_brain.nii.gz
2025-11-26 21:27:49,296 - INFO -   Resampling atlas to T1w space...
2025-11-26 21:27:49,686 - INFO -   Extracting ROI features...
2025-11-26 21:27:52,606 - INFO -   Normalizing features...
2025-11-26 21:27:52,606 - INFO -   Computing morphometric similarity matrix...
2025-11-26 21:27:52,607 - INFO -   Computing graph metrics...
2025-11-26 21:27:53,318 - INFO - ✓ Graph constructed: 16181 edges, density=0.8131
2025-11-26 21:27:53,334 - INFO - ✓ Saved: sub-YLOPDHC23_structural_graph.pkl
2025-11-26 21:27:53,334 - INFO - Processing sub-YLOPDHC27...
2025-11-26 21:27:53,337 - INFO - Loading Schaefer 200 ROI atlas...
2025-11-26 21:27:53,439 - INFO - ✓ Atlas loaded: 201 regions
2025-11-26 21:27:53,439 - INFO - Processing: sub-YLOPDHC27_T1w_brain.nii.gz
2025-11-26 21:27:53,451 - INFO -   Resampling atlas to T1w space...
2025-11-26 21:27:53,816 - INFO -   Extracting ROI features...
2025-11-26 21:27:56,851 - INFO -   Normalizing features...
2025-11-26 21:27:56,853 - INFO -   Computing morphometric similarity matrix...
2025-11-26 21:27:56,853 - INFO -   Computing graph metrics...
2025-11-26 21:27:57,602 - INFO - ✓ Graph constructed: 15506 edges, density=0.7792
2025-11-26 21:27:57,623 - INFO - ✓ Saved: sub-YLOPDHC24_structural_graph.pkl
2025-11-26 21:27:57,623 - INFO - Processing sub-YLOPDHC29...
2025-11-26 21:27:57,627 - INFO - Loading Schaefer 200 ROI atlas...
2025-11-26 21:27:57,756 - INFO - ✓ Atlas loaded: 201 regions
2025-11-26 21:27:57,756 - INFO - Processing: sub-YLOPDHC29_T1w_brain.nii.gz
2025-11-26 21:27:57,769 - INFO -   Resampling atlas to T1w space...
2025-11-26 21:27:58,211 - INFO -   Extracting ROI features...
2025-11-26 21:29:01,325 - INFO -   Normalizing features...
2025-11-26 21:29:01,327 - INFO -   Computing morphometric similarity matrix...
2025-11-26 21:29:01,328 - INFO -   Computing graph metrics...
2025-11-26 21:29:02,180 - INFO - ✓ Graph constructed: 15370 edges, density=0.7724
2025-11-26 21:29:02,208 - INFO - ✓ Saved: sub-YLOPDHC26_structural_graph.pkl
2025-11-26 21:29:02,209 - INFO - Processing sub-YLOPDHC31...
2025-11-26 21:29:02,218 - INFO - Loading Schaefer 200 ROI atlas...
2025-11-26 21:29:02,382 - INFO - ✓ Atlas loaded: 201 regions
2025-11-26 21:29:02,382 - INFO - Processing: sub-YLOPDHC31_T1w_brain.nii.gz
2025-11-26 21:29:02,397 - INFO -   Resampling atlas to T1w space...
2025-11-26 21:29:02,498 - INFO -   Normalizing features...
2025-11-26 21:29:02,500 - INFO -   Computing morphometric similarity matrix...
2025-11-26 21:29:02,500 - INFO -   Computing graph metrics...
2025-11-26 21:29:02,854 - INFO -   Extracting ROI features...
2025-11-26 21:29:03,416 - INFO - ✓ Graph constructed: 14420 edges, density=0.7246
2025-11-26 21:29:03,438 - INFO - ✓ Saved: sub-YLOPDHC25_structural_graph.pkl
2025-11-26 21:29:03,439 - INFO - Processing sub-YLOPDHC33...
2025-11-26 21:29:03,444 - INFO - Loading Schaefer 200 ROI atlas...
2025-11-26 21:29:03,591 - INFO - ✓ Atlas loaded: 201 regions
2025-11-26 21:29:03,591 - INFO - Processing: sub-YLOPDHC33_T1w_brain.nii.gz
2025-11-26 21:29:03,605 - INFO -   Resampling atlas to T1w space...
2025-11-26 21:29:04,014 - INFO -   Extracting ROI features...
2025-11-26 21:29:09,836 - INFO -   Normalizing features...
2025-11-26 21:29:09,837 - INFO -   Computing morphometric similarity matrix...
2025-11-26 21:29:09,838 - INFO -   Computing graph metrics...
2025-11-26 21:29:10,620 - INFO - ✓ Graph constructed: 16338 edges, density=0.8210
2025-11-26 21:29:10,639 - INFO - ✓ Saved: sub-YLOPDHC27_structural_graph.pkl
2025-11-26 21:29:10,950 - INFO -   Normalizing features...
2025-11-26 21:29:10,951 - INFO -   Computing morphometric similarity matrix...
2025-11-26 21:29:10,951 - INFO -   Computing graph metrics...
2025-11-26 21:29:11,663 - INFO - ✓ Graph constructed: 15372 edges, density=0.7725
2025-11-26 21:29:11,677 - INFO - ✓ Saved: sub-YLOPDHC29_structural_graph.pkl
2025-11-26 21:29:32,303 - INFO -   Normalizing features...
2025-11-26 21:29:32,304 - INFO -   Computing morphometric similarity matrix...
2025-11-26 21:29:32,305 - INFO -   Computing graph metrics...
2025-11-26 21:29:32,845 - INFO - ✓ Graph constructed: 16390 edges, density=0.8236
2025-11-26 21:29:32,857 - INFO - ✓ Saved: sub-YLOPDHC31_structural_graph.pkl
2025-11-26 21:29:32,890 - INFO -   Normalizing features...
2025-11-26 21:29:32,890 - INFO -   Computing morphometric similarity matrix...
2025-11-26 21:29:32,891 - INFO -   Computing graph metrics...
2025-11-26 21:29:33,365 - INFO - ✓ Graph constructed: 15190 edges, density=0.7633
2025-11-26 21:29:33,376 - INFO - ✓ Saved: sub-YLOPDHC33_structural_graph.pkl
2025-11-26 21:31:58,334 - INFO - ================================================================================
2025-11-26 21:31:58,334 - INFO - BATCH STRUCTURAL GRAPH CONSTRUCTION
2025-11-26 21:31:58,334 - INFO - ================================================================================
2025-11-26 21:31:58,334 - INFO - Data directory: /Volumes/Extreme SSD/data_NIMHANS - Copy/outputs/01_preprocessed
2025-11-26 21:31:58,334 - INFO - Output directory: outputs
2025-11-26 21:31:58,334 - INFO - Atlas: Schaefer 200 ROIs
2025-11-26 21:31:58,334 - INFO - Threshold: 0.25
2025-11-26 21:31:58,334 - INFO - 
2025-11-26 21:31:58,336 - INFO - Found 3 subjects to process
2025-11-26 21:31:58,336 - INFO - 
2025-11-26 21:31:58,340 - INFO - Processing sub-YLOPD105...
2025-11-26 21:31:58,342 - INFO - Loading Schaefer 200 ROI atlas...
2025-11-26 21:31:58,466 - INFO - ✓ Atlas loaded: 201 regions
2025-11-26 21:31:58,466 - INFO - Processing: sub-YLOPD105_T1w_brain.nii.gz
2025-11-26 21:31:58,481 - INFO -   Resampling atlas to T1w space...
2025-11-26 21:31:58,657 - INFO -   Extracting ROI features...
2025-11-26 21:32:13,305 - INFO -   Normalizing features...
2025-11-26 21:32:13,306 - INFO -   Computing morphometric similarity matrix...
2025-11-26 21:32:13,306 - INFO -   Computing graph metrics...
2025-11-26 21:32:13,706 - INFO - ✓ Graph constructed: 14683 edges, density=0.7378
2025-11-26 21:32:13,716 - INFO - ✓ Saved: sub-YLOPD105_structural_graph.pkl
2025-11-26 21:32:13,716 - INFO - Processing sub-YLOPD106...
2025-11-26 21:32:13,719 - INFO - Loading Schaefer 200 ROI atlas...
2025-11-26 21:32:13,767 - INFO - ✓ Atlas loaded: 201 regions
2025-11-26 21:32:13,767 - INFO - Processing: sub-YLOPD106_T1w_brain.nii.gz
2025-11-26 21:32:13,778 - INFO -   Resampling atlas to T1w space...
2025-11-26 21:32:13,970 - INFO -   Extracting ROI features...
2025-11-26 21:32:28,789 - INFO -   Normalizing features...
2025-11-26 21:32:28,790 - INFO -   Computing morphometric similarity matrix...
2025-11-26 21:32:28,790 - INFO -   Computing graph metrics...
2025-11-26 21:32:29,210 - INFO - ✓ Graph constructed: 15868 edges, density=0.7974
2025-11-26 21:32:29,219 - INFO - ✓ Saved: sub-YLOPD106_structural_graph.pkl
2025-11-26 21:32:29,219 - INFO - Processing sub-YLOPD107...
2025-11-26 21:32:29,222 - INFO - Loading Schaefer 200 ROI atlas...
2025-11-26 21:32:29,271 - INFO - ✓ Atlas loaded: 201 regions
2025-11-26 21:32:29,271 - INFO - Processing: sub-YLOPD107_T1w_brain.nii.gz
2025-11-26 21:32:29,282 - INFO -   Resampling atlas to T1w space...
2025-11-26 21:32:29,482 - INFO -   Extracting ROI features...
2025-11-26 21:32:44,315 - INFO -   Normalizing features...
2025-11-26 21:32:44,315 - INFO -   Computing morphometric similarity matrix...
2025-11-26 21:32:44,316 - INFO -   Computing graph metrics...
2025-11-26 21:32:44,726 - INFO - ✓ Graph constructed: 15582 edges, density=0.7830
2025-11-26 21:32:44,735 - INFO - ✓ Saved: sub-YLOPD107_structural_graph.pkl
2025-11-26 21:32:44,736 - INFO - 
2025-11-26 21:32:44,736 - INFO - ================================================================================
2025-11-26 21:32:44,736 - INFO - PROCESSING COMPLETE
2025-11-26 21:32:44,736 - INFO - ================================================================================
2025-11-26 21:32:44,736 - INFO - Total subjects: 3
2025-11-26 21:32:44,736 - INFO - Successful: 3
2025-11-26 21:32:44,736 - INFO - Failed: 0
2025-11-26 21:32:44,737 - INFO - 
✓ Summary saved to: outputs/batch_processing_summary.json
2025-11-26 21:43:10,807 - INFO - ================================================================================
2025-11-26 21:43:10,807 - INFO - BATCH STRUCTURAL GRAPH CONSTRUCTION
2025-11-26 21:43:10,807 - INFO - ================================================================================
2025-11-26 21:43:10,807 - INFO - Data directory: /Volumes/Extreme SSD/data_NIMHANS - Copy/outputs/01_preprocessed
2025-11-26 21:43:10,807 - INFO - Output directory: outputs
2025-11-26 21:43:10,807 - INFO - Atlas: Schaefer 200 ROIs
2025-11-26 21:43:10,807 - INFO - Threshold: 0.25
2025-11-26 21:43:10,807 - INFO - 
2025-11-26 21:43:10,809 - INFO - Found 75 subjects to process
2025-11-26 21:43:10,809 - INFO - 
2025-11-26 21:43:12,047 - INFO - Processing sub-YLOPD100...
2025-11-26 21:43:12,049 - INFO - Loading Schaefer 200 ROI atlas...
2025-11-26 21:43:12,070 - INFO - Processing sub-YLOPD105...
2025-11-26 21:43:12,071 - INFO - Processing sub-YLOPD106...
2025-11-26 21:43:12,071 - INFO - Processing sub-YLOPD107...
2025-11-26 21:43:12,072 - INFO - Loading Schaefer 200 ROI atlas...
2025-11-26 21:43:12,073 - INFO - Loading Schaefer 200 ROI atlas...
2025-11-26 21:43:12,073 - INFO - Loading Schaefer 200 ROI atlas...
2025-11-26 21:43:12,340 - INFO - ✓ Atlas loaded: 201 regions
2025-11-26 21:43:12,340 - INFO - Processing: sub-YLOPD100_T1w_brain.nii.gz
2025-11-26 21:43:12,402 - INFO - ✓ Atlas loaded: 201 regions
2025-11-26 21:43:12,402 - INFO - Processing: sub-YLOPD107_T1w_brain.nii.gz
2025-11-26 21:43:12,403 - INFO - ✓ Atlas loaded: 201 regions
2025-11-26 21:43:12,403 - INFO - Processing: sub-YLOPD106_T1w_brain.nii.gz
2025-11-26 21:43:12,403 - INFO - ✓ Atlas loaded: 201 regions
2025-11-26 21:43:12,403 - INFO - Processing: sub-YLOPD105_T1w_brain.nii.gz
2025-11-26 21:43:13,517 - INFO -   Resampling atlas to T1w space...
2025-11-26 21:43:13,518 - INFO -   Resampling atlas to T1w space...
2025-11-26 21:43:13,519 - INFO -   Resampling atlas to T1w space...
2025-11-26 21:43:13,520 - INFO -   Resampling atlas to T1w space...
2025-11-26 21:43:13,882 - INFO -   Extracting ROI features...
2025-11-26 21:43:13,885 - INFO -   Extracting ROI features...
2025-11-26 21:43:13,887 - INFO -   Extracting ROI features...
2025-11-26 21:43:13,894 - INFO -   Extracting ROI features...
2025-11-26 21:44:23,618 - INFO -   Normalizing features...
2025-11-26 21:44:23,620 - INFO -   Computing morphometric similarity matrix...
2025-11-26 21:44:23,620 - INFO -   Computing graph metrics...
2025-11-26 21:44:24,225 - INFO - ✓ Graph constructed: 15671 edges, density=0.7875
2025-11-26 21:44:24,246 - INFO - ✓ Saved: sub-YLOPD100_structural_graph.pkl
2025-11-26 21:44:24,247 - INFO - Processing sub-YLOPD109...
2025-11-26 21:44:24,256 - INFO - Loading Schaefer 200 ROI atlas...
2025-11-26 21:44:24,384 - INFO - ✓ Atlas loaded: 201 regions
2025-11-26 21:44:24,384 - INFO - Processing: sub-YLOPD109_T1w_brain.nii.gz
2025-11-26 21:44:24,395 - INFO -   Resampling atlas to T1w space...
2025-11-26 21:44:24,810 - INFO -   Extracting ROI features...
2025-11-26 21:44:25,157 - INFO -   Normalizing features...
2025-11-26 21:44:25,158 - INFO -   Computing morphometric similarity matrix...
2025-11-26 21:44:25,159 - INFO -   Computing graph metrics...
2025-11-26 21:44:25,739 - INFO - ✓ Graph constructed: 15582 edges, density=0.7830
2025-11-26 21:44:25,753 - INFO - ✓ Saved: sub-YLOPD107_structural_graph.pkl
2025-11-26 21:44:25,754 - INFO - Processing sub-YLOPD110...
2025-11-26 21:44:25,757 - INFO - Loading Schaefer 200 ROI atlas...
2025-11-26 21:44:25,847 - INFO - ✓ Atlas loaded: 201 regions
2025-11-26 21:44:25,847 - INFO - Processing: sub-YLOPD110_T1w_brain.nii.gz
2025-11-26 21:44:25,856 - INFO -   Resampling atlas to T1w space...
2025-11-26 21:44:26,204 - INFO -   Extracting ROI features...
2025-11-26 21:44:28,197 - INFO -   Normalizing features...
2025-11-26 21:44:28,198 - INFO -   Computing morphometric similarity matrix...
2025-11-26 21:44:28,198 - INFO -   Computing graph metrics...
2025-11-26 21:44:28,748 - INFO - ✓ Graph constructed: 14683 edges, density=0.7378
2025-11-26 21:44:28,773 - INFO - ✓ Saved: sub-YLOPD105_structural_graph.pkl
2025-11-26 21:44:28,774 - INFO - Processing sub-YLOPD111...
2025-11-26 21:44:28,778 - INFO - Loading Schaefer 200 ROI atlas...
2025-11-26 21:44:28,880 - INFO - ✓ Atlas loaded: 201 regions
2025-11-26 21:44:28,881 - INFO - Processing: sub-YLOPD111_T1w_brain.nii.gz
2025-11-26 21:44:28,892 - INFO -   Resampling atlas to T1w space...
2025-11-26 21:44:29,306 - INFO -   Extracting ROI features...
2025-11-26 21:44:31,483 - INFO -   Normalizing features...
2025-11-26 21:44:31,484 - INFO -   Computing morphometric similarity matrix...
2025-11-26 21:44:31,484 - INFO -   Computing graph metrics...
2025-11-26 21:44:32,051 - INFO - ✓ Graph constructed: 15868 edges, density=0.7974
2025-11-26 21:44:32,071 - INFO - ✓ Saved: sub-YLOPD106_structural_graph.pkl
2025-11-26 21:44:32,072 - INFO - Processing sub-YLOPD112...
2025-11-26 21:44:32,076 - INFO - Loading Schaefer 200 ROI atlas...
2025-11-26 21:44:32,183 - INFO - ✓ Atlas loaded: 201 regions
2025-11-26 21:44:32,183 - INFO - Processing: sub-YLOPD112_T1w_brain.nii.gz
2025-11-26 21:44:32,194 - INFO -   Resampling atlas to T1w space...
2025-11-26 21:44:32,610 - INFO -   Extracting ROI features...
2025-11-26 21:45:28,972 - INFO -   Normalizing features...
2025-11-26 21:45:28,974 - INFO -   Computing morphometric similarity matrix...
2025-11-26 21:45:28,975 - INFO -   Computing graph metrics...
2025-11-26 21:45:29,657 - INFO - ✓ Graph constructed: 15559 edges, density=0.7819
2025-11-26 21:45:29,681 - INFO - ✓ Saved: sub-YLOPD109_structural_graph.pkl
2025-11-26 21:45:29,681 - INFO - Processing sub-YLOPD113...
2025-11-26 21:45:29,690 - INFO - Loading Schaefer 200 ROI atlas...
2025-11-26 21:45:29,843 - INFO - ✓ Atlas loaded: 201 regions
2025-11-26 21:45:29,844 - INFO - Processing: sub-YLOPD113_T1w_brain.nii.gz
2025-11-26 21:45:29,858 - INFO -   Resampling atlas to T1w space...
2025-11-26 21:45:30,387 - INFO -   Extracting ROI features...
2025-11-26 21:45:39,491 - INFO -   Normalizing features...
2025-11-26 21:45:39,493 - INFO -   Computing morphometric similarity matrix...
2025-11-26 21:45:39,493 - INFO -   Computing graph metrics...
2025-11-26 21:45:40,193 - INFO - ✓ Graph constructed: 16290 edges, density=0.8186
2025-11-26 21:45:40,216 - INFO - ✓ Saved: sub-YLOPD110_structural_graph.pkl
2025-11-26 21:45:40,217 - INFO - Processing sub-YLOPD114...
2025-11-26 21:45:40,221 - INFO - Loading Schaefer 200 ROI atlas...
2025-11-26 21:45:40,381 - INFO - ✓ Atlas loaded: 201 regions
2025-11-26 21:45:40,381 - INFO - Processing: sub-YLOPD114_T1w_brain.nii.gz
2025-11-26 21:45:40,393 - INFO -   Resampling atlas to T1w space...
2025-11-26 21:45:40,949 - INFO -   Extracting ROI features...
2025-11-26 21:45:44,362 - INFO -   Normalizing features...
2025-11-26 21:45:44,363 - INFO -   Computing morphometric similarity matrix...
2025-11-26 21:45:44,364 - INFO -   Computing graph metrics...
2025-11-26 21:45:45,062 - INFO - ✓ Graph constructed: 15580 edges, density=0.7829
2025-11-26 21:45:45,085 - INFO - ✓ Saved: sub-YLOPD111_structural_graph.pkl
2025-11-26 21:45:45,086 - INFO - Processing sub-YLOPD115...
2025-11-26 21:45:45,090 - INFO - Loading Schaefer 200 ROI atlas...
2025-11-26 21:45:45,265 - INFO - ✓ Atlas loaded: 201 regions
2025-11-26 21:45:45,265 - INFO - Processing: sub-YLOPD115_T1w_brain.nii.gz
2025-11-26 21:45:45,280 - INFO -   Resampling atlas to T1w space...
2025-11-26 21:45:46,015 - INFO -   Extracting ROI features...
2025-11-26 21:45:52,008 - INFO -   Normalizing features...
2025-11-26 21:45:52,011 - INFO -   Computing morphometric similarity matrix...
2025-11-26 21:45:52,013 - INFO -   Computing graph metrics...
2025-11-26 21:45:52,765 - INFO - ✓ Graph constructed: 15814 edges, density=0.7947
2025-11-26 21:45:52,786 - INFO - ✓ Saved: sub-YLOPD112_structural_graph.pkl
2025-11-26 21:45:52,787 - INFO - Processing sub-YLOPD121...
2025-11-26 21:45:52,796 - INFO - Loading Schaefer 200 ROI atlas...
2025-11-26 21:45:52,954 - INFO - ✓ Atlas loaded: 201 regions
2025-11-26 21:45:52,954 - INFO - Processing: sub-YLOPD121_T1w_brain.nii.gz
2025-11-26 21:45:52,968 - INFO -   Resampling atlas to T1w space...
2025-11-26 21:45:53,480 - INFO -   Extracting ROI features...
2025-11-26 21:46:43,016 - INFO -   Normalizing features...
2025-11-26 21:46:43,020 - INFO -   Computing morphometric similarity matrix...
2025-11-26 21:46:43,021 - INFO -   Computing graph metrics...
2025-11-26 21:46:43,997 - INFO - ✓ Graph constructed: 14726 edges, density=0.7400
2025-11-26 21:46:44,022 - INFO - ✓ Saved: sub-YLOPD113_structural_graph.pkl
2025-11-26 21:46:44,023 - INFO - Processing sub-YLOPD122...
2025-11-26 21:46:44,033 - INFO - Loading Schaefer 200 ROI atlas...
2025-11-26 21:46:44,202 - INFO - ✓ Atlas loaded: 201 regions
2025-11-26 21:46:44,202 - INFO - Processing: sub-YLOPD122_T1w_brain.nii.gz
2025-11-26 21:46:44,218 - INFO -   Resampling atlas to T1w space...
2025-11-26 21:46:44,774 - INFO -   Extracting ROI features...
2025-11-26 21:46:59,917 - INFO -   Normalizing features...
2025-11-26 21:46:59,918 - INFO -   Computing morphometric similarity matrix...
2025-11-26 21:46:59,919 - INFO -   Computing graph metrics...
2025-11-26 21:47:00,711 - INFO -   Normalizing features...
2025-11-26 21:47:00,714 - INFO -   Computing morphometric similarity matrix...
2025-11-26 21:47:00,715 - INFO -   Computing graph metrics...
2025-11-26 21:47:00,756 - INFO - ✓ Graph constructed: 16545 edges, density=0.8314
2025-11-26 21:47:00,776 - INFO - ✓ Saved: sub-YLOPD115_structural_graph.pkl
2025-11-26 21:47:00,778 - INFO - Processing sub-YLOPD129...
2025-11-26 21:47:00,786 - INFO - Loading Schaefer 200 ROI atlas...
2025-11-26 21:47:00,924 - INFO - ✓ Atlas loaded: 201 regions
2025-11-26 21:47:00,924 - INFO - Processing: sub-YLOPD129_T1w_brain.nii.gz
2025-11-26 21:47:00,935 - INFO -   Resampling atlas to T1w space...
2025-11-26 21:47:01,390 - INFO -   Extracting ROI features...
2025-11-26 21:47:01,616 - INFO - ✓ Graph constructed: 16220 edges, density=0.8151
2025-11-26 21:47:01,634 - INFO - ✓ Saved: sub-YLOPD114_structural_graph.pkl
2025-11-26 21:47:01,635 - INFO - Processing sub-YLOPD136...
2025-11-26 21:47:01,640 - INFO - Loading Schaefer 200 ROI atlas...
2025-11-26 21:47:01,780 - INFO - ✓ Atlas loaded: 201 regions
2025-11-26 21:47:01,780 - INFO - Processing: sub-YLOPD136_T1w_brain.nii.gz
2025-11-26 21:47:01,794 - INFO -   Resampling atlas to T1w space...
2025-11-26 21:47:02,282 - INFO -   Extracting ROI features...
2025-11-26 21:47:06,489 - INFO -   Normalizing features...
2025-11-26 21:47:06,490 - INFO -   Computing morphometric similarity matrix...
2025-11-26 21:47:06,491 - INFO -   Computing graph metrics...
2025-11-26 21:47:07,348 - INFO - ✓ Graph constructed: 15125 edges, density=0.7601
2025-11-26 21:47:07,372 - INFO - ✓ Saved: sub-YLOPD121_structural_graph.pkl
2025-11-26 21:47:07,373 - INFO - Processing sub-YLOPD137...
2025-11-26 21:47:07,381 - INFO - Loading Schaefer 200 ROI atlas...
2025-11-26 21:47:07,544 - INFO - ✓ Atlas loaded: 201 regions
2025-11-26 21:47:07,545 - INFO - Processing: sub-YLOPD137_T1w_brain.nii.gz
2025-11-26 21:47:07,560 - INFO -   Resampling atlas to T1w space...
2025-11-26 21:47:08,084 - INFO -   Extracting ROI features...
2025-11-26 21:47:21,435 - INFO - Processing sub-YLOPD142...
2025-11-26 21:47:21,435 - INFO - Processing sub-YLOPD147...
2025-11-26 21:47:21,442 - INFO - Processing sub-YLOPD152...
2025-11-26 21:47:21,442 - INFO - Loading Schaefer 200 ROI atlas...
2025-11-26 21:47:21,443 - INFO - Loading Schaefer 200 ROI atlas...
2025-11-26 21:47:21,443 - INFO - Loading Schaefer 200 ROI atlas...
2025-11-26 21:47:21,446 - INFO - Processing sub-YLOPD155...
2025-11-26 21:47:21,448 - INFO - Loading Schaefer 200 ROI atlas...
2025-11-26 21:47:21,571 - INFO - ✓ Atlas loaded: 201 regions
2025-11-26 21:47:21,572 - INFO - Processing: sub-YLOPD142_T1w_brain.nii.gz
2025-11-26 21:47:21,573 - INFO - ✓ Atlas loaded: 201 regions
2025-11-26 21:47:21,573 - INFO - Processing: sub-YLOPD152_T1w_brain.nii.gz
2025-11-26 21:47:21,573 - INFO - ✓ Atlas loaded: 201 regions
2025-11-26 21:47:21,573 - INFO - Processing: sub-YLOPD147_T1w_brain.nii.gz
2025-11-26 21:47:21,578 - INFO - ✓ Atlas loaded: 201 regions
2025-11-26 21:47:21,578 - INFO - Processing: sub-YLOPD155_T1w_brain.nii.gz
2025-11-26 21:47:21,581 - INFO -   Resampling atlas to T1w space...
2025-11-26 21:47:21,582 - INFO -   Resampling atlas to T1w space...
2025-11-26 21:47:21,583 - INFO -   Resampling atlas to T1w space...
2025-11-26 21:47:21,587 - INFO -   Resampling atlas to T1w space...
2025-11-26 21:47:21,977 - INFO -   Extracting ROI features...
2025-11-26 21:47:21,994 - INFO -   Extracting ROI features...
2025-11-26 21:47:21,996 - INFO -   Extracting ROI features...
2025-11-26 21:47:21,998 - INFO -   Extracting ROI features...
2025-11-26 21:47:30,221 - INFO - Processing sub-YLOPD156...
2025-11-26 21:47:30,229 - INFO - Loading Schaefer 200 ROI atlas...
2025-11-26 21:47:30,233 - INFO - Processing sub-YLOPD157...
2025-11-26 21:47:30,235 - INFO - Loading Schaefer 200 ROI atlas...
2025-11-26 21:47:30,237 - INFO - Processing sub-YLOPD160...
2025-11-26 21:47:30,238 - INFO - Loading Schaefer 200 ROI atlas...
2025-11-26 21:47:30,245 - INFO - Processing sub-YLOPD167...
2025-11-26 21:47:30,247 - INFO - Loading Schaefer 200 ROI atlas...
2025-11-26 21:47:30,362 - INFO - ✓ Atlas loaded: 201 regions
2025-11-26 21:47:30,362 - INFO - Processing: sub-YLOPD156_T1w_brain.nii.gz
2025-11-26 21:47:30,367 - INFO - ✓ Atlas loaded: 201 regions
2025-11-26 21:47:30,368 - INFO - Processing: sub-YLOPD157_T1w_brain.nii.gz
2025-11-26 21:47:30,371 - INFO -   Resampling atlas to T1w space...
2025-11-26 21:47:30,372 - INFO - ✓ Atlas loaded: 201 regions
2025-11-26 21:47:30,372 - INFO - Processing: sub-YLOPD160_T1w_brain.nii.gz
2025-11-26 21:47:30,377 - INFO -   Resampling atlas to T1w space...
2025-11-26 21:47:30,379 - INFO -   Resampling atlas to T1w space...
2025-11-26 21:47:30,379 - INFO - ✓ Atlas loaded: 201 regions
2025-11-26 21:47:30,379 - INFO - Processing: sub-YLOPD167_T1w_brain.nii.gz
2025-11-26 21:47:30,392 - INFO -   Resampling atlas to T1w space...
2025-11-26 21:47:30,763 - INFO -   Extracting ROI features...
2025-11-26 21:47:30,774 - INFO -   Extracting ROI features...
2025-11-26 21:47:30,777 - INFO -   Extracting ROI features...
2025-11-26 21:47:30,783 - INFO -   Extracting ROI features...
2025-11-26 21:47:30,986 - INFO - Processing sub-YLOPD174...
2025-11-26 21:47:30,989 - INFO - Processing sub-YLOPD177...
2025-11-26 21:47:30,990 - INFO - Loading Schaefer 200 ROI atlas...
2025-11-26 21:47:30,991 - INFO - Processing sub-YLOPD178...
2025-11-26 21:47:30,992 - INFO - Loading Schaefer 200 ROI atlas...
2025-11-26 21:47:30,992 - INFO - Loading Schaefer 200 ROI atlas...
2025-11-26 21:47:30,995 - INFO - Processing sub-YLOPD182...
2025-11-26 21:47:30,997 - INFO - Loading Schaefer 200 ROI atlas...
2025-11-26 21:47:31,121 - INFO - ✓ Atlas loaded: 201 regions
2025-11-26 21:47:31,122 - INFO - Processing: sub-YLOPD174_T1w_brain.nii.gz
2025-11-26 21:47:31,125 - INFO - ✓ Atlas loaded: 201 regions
2025-11-26 21:47:31,125 - INFO - Processing: sub-YLOPD178_T1w_brain.nii.gz
2025-11-26 21:47:31,126 - INFO - ✓ Atlas loaded: 201 regions
2025-11-26 21:47:31,126 - INFO - Processing: sub-YLOPD177_T1w_brain.nii.gz
2025-11-26 21:47:31,128 - INFO - ✓ Atlas loaded: 201 regions
2025-11-26 21:47:31,128 - INFO - Processing: sub-YLOPD182_T1w_brain.nii.gz
2025-11-26 21:47:31,132 - INFO -   Resampling atlas to T1w space...
2025-11-26 21:47:31,134 - INFO -   Resampling atlas to T1w space...
2025-11-26 21:47:31,135 - INFO -   Resampling atlas to T1w space...
2025-11-26 21:47:31,136 - INFO -   Resampling atlas to T1w space...
2025-11-26 21:47:31,576 - INFO - Processing sub-YLOPD189...
2025-11-26 21:47:31,578 - INFO - Loading Schaefer 200 ROI atlas...
